Archive member included to satisfy reference by file (symbol)

/opt/devkitpro/devkitARM/lib/gcc/arm-none-eabi/8.1.0/../../../../arm-none-eabi/lib/thumb/libg.a(lib_a-init.o)
                              /opt/devkitpro/devkitARM/lib/gcc/arm-none-eabi/8.1.0/../../../../arm-none-eabi/lib/thumb/gba_crt0.o (__libc_init_array)
/opt/devkitpro/devkitARM/lib/gcc/arm-none-eabi/8.1.0/../../../../arm-none-eabi/lib/thumb/libg.a(lib_a-memcpy-stub.o)
                              main.o (memcpy)
/opt/devkitpro/devkitARM/lib/gcc/arm-none-eabi/8.1.0/../../../../arm-none-eabi/lib/thumb/libg.a(lib_a-puts.o)
                              main.o (puts)
/opt/devkitpro/devkitARM/lib/gcc/arm-none-eabi/8.1.0/../../../../arm-none-eabi/lib/thumb/libg.a(lib_a-strlen-stub.o)
                              /opt/devkitpro/devkitARM/lib/gcc/arm-none-eabi/8.1.0/../../../../arm-none-eabi/lib/thumb/libg.a(lib_a-puts.o) (strlen)
/opt/devkitpro/devkitARM/lib/gcc/arm-none-eabi/8.1.0/../../../../arm-none-eabi/lib/thumb/libg.a(lib_a-findfp.o)
                              /opt/devkitpro/devkitARM/lib/gcc/arm-none-eabi/8.1.0/../../../../arm-none-eabi/lib/thumb/libg.a(lib_a-puts.o) (__sinit)
/opt/devkitpro/devkitARM/lib/gcc/arm-none-eabi/8.1.0/../../../../arm-none-eabi/lib/thumb/libg.a(lib_a-fvwrite.o)
                              /opt/devkitpro/devkitARM/lib/gcc/arm-none-eabi/8.1.0/../../../../arm-none-eabi/lib/thumb/libg.a(lib_a-puts.o) (__sfvwrite_r)
/opt/devkitpro/devkitARM/lib/gcc/arm-none-eabi/8.1.0/../../../../arm-none-eabi/lib/thumb/libg.a(lib_a-fwalk.o)
                              /opt/devkitpro/devkitARM/lib/gcc/arm-none-eabi/8.1.0/../../../../arm-none-eabi/lib/thumb/libg.a(lib_a-findfp.o) (_fwalk)
/opt/devkitpro/devkitARM/lib/gcc/arm-none-eabi/8.1.0/../../../../arm-none-eabi/lib/thumb/libg.a(lib_a-impure.o)
                              /opt/devkitpro/devkitARM/lib/gcc/arm-none-eabi/8.1.0/../../../../arm-none-eabi/lib/thumb/libg.a(lib_a-findfp.o) (_global_impure_ptr)
/opt/devkitpro/devkitARM/lib/gcc/arm-none-eabi/8.1.0/../../../../arm-none-eabi/lib/thumb/libg.a(lib_a-mallocr.o)
                              /opt/devkitpro/devkitARM/lib/gcc/arm-none-eabi/8.1.0/../../../../arm-none-eabi/lib/thumb/libg.a(lib_a-findfp.o) (_malloc_r)
/opt/devkitpro/devkitARM/lib/gcc/arm-none-eabi/8.1.0/../../../../arm-none-eabi/lib/thumb/libg.a(lib_a-memchr-stub.o)
                              /opt/devkitpro/devkitARM/lib/gcc/arm-none-eabi/8.1.0/../../../../arm-none-eabi/lib/thumb/libg.a(lib_a-fvwrite.o) (memchr)
/opt/devkitpro/devkitARM/lib/gcc/arm-none-eabi/8.1.0/../../../../arm-none-eabi/lib/thumb/libg.a(lib_a-memmove.o)
                              /opt/devkitpro/devkitARM/lib/gcc/arm-none-eabi/8.1.0/../../../../arm-none-eabi/lib/thumb/libg.a(lib_a-fvwrite.o) (memmove)
/opt/devkitpro/devkitARM/lib/gcc/arm-none-eabi/8.1.0/../../../../arm-none-eabi/lib/thumb/libg.a(lib_a-memset.o)
                              /opt/devkitpro/devkitARM/lib/gcc/arm-none-eabi/8.1.0/../../../../arm-none-eabi/lib/thumb/libg.a(lib_a-findfp.o) (memset)
/opt/devkitpro/devkitARM/lib/gcc/arm-none-eabi/8.1.0/../../../../arm-none-eabi/lib/thumb/libg.a(lib_a-mlock.o)
                              /opt/devkitpro/devkitARM/lib/gcc/arm-none-eabi/8.1.0/../../../../arm-none-eabi/lib/thumb/libg.a(lib_a-mallocr.o) (__malloc_lock)
/opt/devkitpro/devkitARM/lib/gcc/arm-none-eabi/8.1.0/../../../../arm-none-eabi/lib/thumb/libg.a(lib_a-reallocr.o)
                              /opt/devkitpro/devkitARM/lib/gcc/arm-none-eabi/8.1.0/../../../../arm-none-eabi/lib/thumb/libg.a(lib_a-fvwrite.o) (_realloc_r)
/opt/devkitpro/devkitARM/lib/gcc/arm-none-eabi/8.1.0/../../../../arm-none-eabi/lib/thumb/libg.a(lib_a-stdio.o)
                              /opt/devkitpro/devkitARM/lib/gcc/arm-none-eabi/8.1.0/../../../../arm-none-eabi/lib/thumb/libg.a(lib_a-findfp.o) (__sread)
/opt/devkitpro/devkitARM/lib/gcc/arm-none-eabi/8.1.0/../../../../arm-none-eabi/lib/thumb/libg.a(lib_a-wsetup.o)
                              /opt/devkitpro/devkitARM/lib/gcc/arm-none-eabi/8.1.0/../../../../arm-none-eabi/lib/thumb/libg.a(lib_a-fvwrite.o) (__swsetup_r)
/opt/devkitpro/devkitARM/lib/gcc/arm-none-eabi/8.1.0/../../../../arm-none-eabi/lib/thumb/libg.a(lib_a-fclose.o)
                              /opt/devkitpro/devkitARM/lib/gcc/arm-none-eabi/8.1.0/../../../../arm-none-eabi/lib/thumb/libg.a(lib_a-findfp.o) (_fclose_r)
/opt/devkitpro/devkitARM/lib/gcc/arm-none-eabi/8.1.0/../../../../arm-none-eabi/lib/thumb/libg.a(lib_a-fflush.o)
                              /opt/devkitpro/devkitARM/lib/gcc/arm-none-eabi/8.1.0/../../../../arm-none-eabi/lib/thumb/libg.a(lib_a-fclose.o) (__sflush_r)
/opt/devkitpro/devkitARM/lib/gcc/arm-none-eabi/8.1.0/../../../../arm-none-eabi/lib/thumb/libg.a(lib_a-freer.o)
                              /opt/devkitpro/devkitARM/lib/gcc/arm-none-eabi/8.1.0/../../../../arm-none-eabi/lib/thumb/libg.a(lib_a-fvwrite.o) (_free_r)
[...]
Memory Configuration

Name             Origin             Length             Attributes
rom              0x0000000008000000 0x0000000002000000
iwram            0x0000000003000000 0x0000000000008000
ewram            0x0000000002000000 0x0000000000040000
*default*        0x0000000000000000 0xffffffffffffffff

Linker script and memory map

                0x0000000008000000                __text_start = ORIGIN (rom)
                0x0000000002040000                __eheap_end = (ORIGIN (ewram) + LENGTH (ewram))
                0x0000000003000000                __iwram_start = ORIGIN (iwram)
                0x0000000003008000                __iwram_top = (ORIGIN (iwram) + LENGTH (iwram))
                0x0000000003007fa0                __sp_irq = (__iwram_top - 0x60)
                0x0000000003007f00                __sp_usr = (__sp_irq - 0xa0)
                0x0000000003007ff8                __irq_flags = 0x3007ff8
                0x0000000008000000                . = __text_start

.crt0           0x0000000008000000      0x210
 *(.crt0)
 .crt0          0x0000000008000000      0x210 /opt/devkitpro/devkitARM/lib/gcc/arm-none-eabi/8.1.0/../../../../arm-none-eabi/lib/thumb/gba_crt0.o
                0x0000000008000000                _start
                0x00000000080000c4                __boot_method
                0x00000000080000c5                __slave_number
                0x00000000080000e0                start_vector
                0x0000000008000210                . = ALIGN (0x4)

.init           0x0000000008000210        0xc
 *(SORT_NONE(.init))
 .init          0x0000000008000210        0x4 /opt/devkitpro/devkitARM/lib/gcc/arm-none-eabi/8.1.0/thumb/crti.o
                0x0000000008000210                _init
 .init          0x0000000008000214        0x8 /opt/devkitpro/devkitARM/lib/gcc/arm-none-eabi/8.1.0/thumb/crtn.o

.plt            0x000000000800021c        0x0
 *(.plt)
                0x000000000800021c                . = ALIGN (0x4)

.text           0x0000000008000220     0x1f78
 *(EXCLUDE_FILE(*.iwram*) .text)
 .text          0x0000000008000220      0x150 /opt/devkitpro/devkitARM/lib/gcc/arm-none-eabi/8.1.0/thumb/libgcc.a(_divsi3.o)
                0x0000000008000220                __aeabi_idiv
                0x0000000008000220                __divsi3
                0x0000000008000350                __aeabi_idivmod
 .text          0x0000000008000370        0x4 /opt/devkitpro/devkitARM/lib/gcc/arm-none-eabi/8.1.0/thumb/libgcc.a(_dvmd_tls.o)
                0x0000000008000370                __aeabi_ldiv0
                0x0000000008000370                __aeabi_idiv0
 *(.text .stub .text.* .gnu.linkonce.t.*)
 .text.deregister_tm_clones
                0x0000000008000374       0x2c /opt/devkitpro/devkitARM/lib/gcc/arm-none-eabi/8.1.0/thumb/crtbegin.o
 .text.register_tm_clones
                0x00000000080003a0       0x34 /opt/devkitpro/devkitARM/lib/gcc/arm-none-eabi/8.1.0/thumb/crtbegin.o
 .text.__do_global_dtors_aux
                0x00000000080003d4       0x30 /opt/devkitpro/devkitARM/lib/gcc/arm-none-eabi/8.1.0/thumb/crtbegin.o
 .text.frame_dummy
                0x0000000008000404       0x28 /opt/devkitpro/devkitARM/lib/gcc/arm-none-eabi/8.1.0/thumb/crtbegin.o
 .text.startup  0x000000000800042c       0x2c main.o
                0x000000000800042c                main
 .text.__libc_init_array
                0x0000000008000458       0x50 /opt/devkitpro/devkitARM/lib/gcc/arm-none-eabi/8.1.0/../../../../arm-none-eabi/lib/thumb/libg.a(lib_a-init.o)
                0x0000000008000458                __libc_init_array
 .text.memcpy   0x00000000080004a8       0x9c /opt/devkitpro/devkitARM/lib/gcc/arm-none-eabi/8.1.0/../../../../arm-none-eabi/lib/thumb/libg.a(lib_a-memcpy-stub.o)
                0x00000000080004a8                memcpy
 .text._puts_r  0x0000000008000544       0x84 /opt/devkitpro/devkitARM/lib/gcc/arm-none-eabi/8.1.0/../../../../arm-none-eabi/lib/thumb/libg.a(lib_a-puts.o)
                0x0000000008000544                _puts_r
 .text.puts     0x00000000080005c8       0x14 /opt/devkitpro/devkitARM/lib/gcc/arm-none-eabi/8.1.0/../../../../arm-none-eabi/lib/thumb/libg.a(lib_a-puts.o)
                0x00000000080005c8                puts
 .text.strlen   0x00000000080005dc       0x6c /opt/devkitpro/devkitARM/lib/gcc/arm-none-eabi/8.1.0/../../../../arm-none-eabi/lib/thumb/libg.a(lib_a-strlen-stub.o)
                0x00000000080005dc                strlen
 .text.std      0x0000000008000648       0x54 /opt/devkitpro/devkitARM/lib/gcc/arm-none-eabi/8.1.0/../../../../arm-none-eabi/lib/thumb/libg.a(lib_a-findfp.o)
 .text._cleanup_r
                0x000000000800069c       0x14 /opt/devkitpro/devkitARM/lib/gcc/arm-none-eabi/8.1.0/../../../../arm-none-eabi/lib/thumb/libg.a(lib_a-findfp.o)
                0x000000000800069c                _cleanup_r
 .text.__sinit  0x00000000080006b0       0x64 /opt/devkitpro/devkitARM/lib/gcc/arm-none-eabi/8.1.0/../../../../arm-none-eabi/lib/thumb/libg.a(lib_a-findfp.o)
                0x00000000080006b0                __sinit
 .text.__sfp_lock_acquire
                0x0000000008000714       0x14 /opt/devkitpro/devkitARM/lib/gcc/arm-none-eabi/8.1.0/../../../../arm-none-eabi/lib/thumb/libg.a(lib_a-findfp.o)
                0x0000000008000714                __sfp_lock_acquire
 .text.__sfp_lock_release
                0x0000000008000728       0x14 /opt/devkitpro/devkitARM/lib/gcc/arm-none-eabi/8.1.0/../../../../arm-none-eabi/lib/thumb/libg.a(lib_a-findfp.o)
                0x0000000008000728                __sfp_lock_release
 .text.__sfvwrite_r
                0x000000000800073c      0x348 /opt/devkitpro/devkitARM/lib/gcc/arm-none-eabi/8.1.0/../../../../arm-none-eabi/lib/thumb/libg.a(lib_a-fvwrite.o)
                0x000000000800073c                __sfvwrite_r
 .text._fwalk_reent
                0x0000000008000a84       0x54 /opt/devkitpro/devkitARM/lib/gcc/arm-none-eabi/8.1.0/../../../../arm-none-eabi/lib/thumb/libg.a(lib_a-fwalk.o)
                0x0000000008000a84                _fwalk_reent
 .text._malloc_r
                0x0000000008000ad8      0x560 /opt/devkitpro/devkitARM/lib/gcc/arm-none-eabi/8.1.0/../../../../arm-none-eabi/lib/thumb/libg.a(lib_a-mallocr.o)
                0x0000000008000ad8                _malloc_r
 .text.memchr   0x0000000008001038       0x84 /opt/devkitpro/devkitARM/lib/gcc/arm-none-eabi/8.1.0/../../../../arm-none-eabi/lib/thumb/libg.a(lib_a-memchr-stub.o)
                0x0000000008001038                memchr
 .text.memmove  0x00000000080010bc       0xb0 /opt/devkitpro/devkitARM/lib/gcc/arm-none-eabi/8.1.0/../../../../arm-none-eabi/lib/thumb/libg.a(lib_a-memmove.o)
                0x00000000080010bc                memmove
 .text.memset   0x000000000800116c       0xb0 /opt/devkitpro/devkitARM/lib/gcc/arm-none-eabi/8.1.0/../../../../arm-none-eabi/lib/thumb/libg.a(lib_a-memset.o)
                0x000000000800116c                memset
 .text.__malloc_lock
                0x000000000800121c       0x14 /opt/devkitpro/devkitARM/lib/gcc/arm-none-eabi/8.1.0/../../../../arm-none-eabi/lib/thumb/libg.a(lib_a-mlock.o)
                0x000000000800121c                __malloc_lock
 .text.__malloc_unlock
                0x0000000008001230       0x14 /opt/devkitpro/devkitARM/lib/gcc/arm-none-eabi/8.1.0/../../../../arm-none-eabi/lib/thumb/libg.a(lib_a-mlock.o)
                0x0000000008001230                __malloc_unlock
 .text._realloc_r
                0x0000000008001244      0x370 /opt/devkitpro/devkitARM/lib/gcc/arm-none-eabi/8.1.0/../../../../arm-none-eabi/lib/thumb/libg.a(lib_a-reallocr.o)
                0x0000000008001244                _realloc_r
 .text.__sread  0x00000000080015b4       0x34 /opt/devkitpro/devkitARM/lib/gcc/arm-none-eabi/8.1.0/../../../../arm-none-eabi/lib/thumb/libg.a(lib_a-stdio.o)
                0x00000000080015b4                __sread
 .text.__swrite
                0x00000000080015e8       0x4c /opt/devkitpro/devkitARM/lib/gcc/arm-none-eabi/8.1.0/../../../../arm-none-eabi/lib/thumb/libg.a(lib_a-stdio.o)
                0x00000000080015e8                __swrite
 .text.__sseek  0x0000000008001634       0x40 /opt/devkitpro/devkitARM/lib/gcc/arm-none-eabi/8.1.0/../../../../arm-none-eabi/lib/thumb/libg.a(lib_a-stdio.o)
                0x0000000008001634                __sseek
 .text.__sclose
                0x0000000008001674       0x10 /opt/devkitpro/devkitARM/lib/gcc/arm-none-eabi/8.1.0/../../../../arm-none-eabi/lib/thumb/libg.a(lib_a-stdio.o)
                0x0000000008001674                __sclose
 .text.__swsetup_r
                0x0000000008001684       0xe0 /opt/devkitpro/devkitARM/lib/gcc/arm-none-eabi/8.1.0/../../../../arm-none-eabi/lib/thumb/libg.a(lib_a-wsetup.o)
                0x0000000008001684                __swsetup_r
 .text._fclose_r
                0x0000000008001764       0xe4 /opt/devkitpro/devkitARM/lib/gcc/arm-none-eabi/8.1.0/../../../../arm-none-eabi/lib/thumb/libg.a(lib_a-fclose.o)
                0x0000000008001764                _fclose_r
 .text.__sflush_r
                0x0000000008001848      0x1b8 /opt/devkitpro/devkitARM/lib/gcc/arm-none-eabi/8.1.0/../../../../arm-none-eabi/lib/thumb/libg.a(lib_a-fflush.o)
                0x0000000008001848                __sflush_r
 .text._fflush_r
                0x0000000008001a00       0x70 /opt/devkitpro/devkitARM/lib/gcc/arm-none-eabi/8.1.0/../../../../arm-none-eabi/lib/thumb/libg.a(lib_a-fflush.o)
                0x0000000008001a00                _fflush_r
 .text._malloc_trim_r
                0x0000000008001a70       0xa4 /opt/devkitpro/devkitARM/lib/gcc/arm-none-eabi/8.1.0/../../../../arm-none-eabi/lib/thumb/libg.a(lib_a-freer.o)
                0x0000000008001a70                _malloc_trim_r
 .text._free_r  0x0000000008001b14      0x1e0 /opt/devkitpro/devkitARM/lib/gcc/arm-none-eabi/8.1.0/../../../../arm-none-eabi/lib/thumb/libg.a(lib_a-freer.o)
                0x0000000008001b14                _free_r
 .text.__swhatbuf_r
                0x0000000008001cf4       0x64 /opt/devkitpro/devkitARM/lib/gcc/arm-none-eabi/8.1.0/../../../../arm-none-eabi/lib/thumb/libg.a(lib_a-makebuf.o)
                0x0000000008001cf4                __swhatbuf_r
 .text.__smakebuf_r
                0x0000000008001d58       0x98 /opt/devkitpro/devkitARM/lib/gcc/arm-none-eabi/8.1.0/../../../../arm-none-eabi/lib/thumb/libg.a(lib_a-makebuf.o)
                0x0000000008001d58                __smakebuf_r
 .text._close_r
                0x0000000008001df0       0x5c /opt/devkitpro/devkitARM/lib/gcc/arm-none-eabi/8.1.0/../../../../arm-none-eabi/lib/thumb/libsysbase.a(close.o)
                0x0000000008001df0                _close_r
 .text._fstat_r
                0x0000000008001e4c       0x4c /opt/devkitpro/devkitARM/lib/gcc/arm-none-eabi/8.1.0/../../../../arm-none-eabi/lib/thumb/libsysbase.a(fstat.o)
                0x0000000008001e4c                _fstat_r
 .text._isatty_r
                0x0000000008001e98        0x4 /opt/devkitpro/devkitARM/lib/gcc/arm-none-eabi/8.1.0/../../../../arm-none-eabi/lib/thumb/libsysbase.a(isatty.o)
                0x0000000008001e98                _isatty_r
 .text._lseek_r
                0x0000000008001e9c       0x5c /opt/devkitpro/devkitARM/lib/gcc/arm-none-eabi/8.1.0/../../../../arm-none-eabi/lib/thumb/libsysbase.a(lseek.o)
                0x0000000008001e9c                _lseek_r
 .text._read_r  0x0000000008001ef8       0x50 /opt/devkitpro/devkitARM/lib/gcc/arm-none-eabi/8.1.0/../../../../arm-none-eabi/lib/thumb/libsysbase.a(read.o)
                0x0000000008001ef8                _read_r
 .text._sbrk_r  0x0000000008001f48       0x54 /opt/devkitpro/devkitARM/lib/gcc/arm-none-eabi/8.1.0/../../../../arm-none-eabi/lib/thumb/libsysbase.a(sbrk.o)
                0x0000000008001f48                _sbrk_r
 .text._write_r
                0x0000000008001f9c       0x50 /opt/devkitpro/devkitARM/lib/gcc/arm-none-eabi/8.1.0/../../../../arm-none-eabi/lib/thumb/libsysbase.a(write.o)
                0x0000000008001f9c                _write_r
 .text.__flockfile
                0x0000000008001fec       0x10 /opt/devkitpro/devkitARM/lib/gcc/arm-none-eabi/8.1.0/../../../../arm-none-eabi/lib/thumb/libsysbase.a(flock.o)
                0x0000000008001fec                __flockfile
 .text.__funlockfile
                0x0000000008001ffc       0x10 /opt/devkitpro/devkitARM/lib/gcc/arm-none-eabi/8.1.0/../../../../arm-none-eabi/lib/thumb/libsysbase.a(flock.o)
                0x0000000008001ffc                __funlockfile
 .text.__libc_lock_acquire
                0x000000000800200c       0x1c /opt/devkitpro/devkitARM/lib/gcc/arm-none-eabi/8.1.0/../../../../arm-none-eabi/lib/thumb/libsysbase.a(syscall_support.o)
                0x000000000800200c                __libc_lock_acquire
 .text.__libc_lock_release
                0x0000000008002028       0x1c /opt/devkitpro/devkitARM/lib/gcc/arm-none-eabi/8.1.0/../../../../arm-none-eabi/lib/thumb/libsysbase.a(syscall_support.o)
                0x0000000008002028                __libc_lock_release
 .text.__libc_lock_init_recursive
                0x0000000008002044       0x1c /opt/devkitpro/devkitARM/lib/gcc/arm-none-eabi/8.1.0/../../../../arm-none-eabi/lib/thumb/libsysbase.a(syscall_support.o)
                0x0000000008002044                __libc_lock_init_recursive
 .text.__libc_lock_acquire_recursive
                0x0000000008002060       0x1c /opt/devkitpro/devkitARM/lib/gcc/arm-none-eabi/8.1.0/../../../../arm-none-eabi/lib/thumb/libsysbase.a(syscall_support.o)
                0x0000000008002060                __libc_lock_acquire_recursive
 .text.__libc_lock_release_recursive
                0x000000000800207c       0x1c /opt/devkitpro/devkitARM/lib/gcc/arm-none-eabi/8.1.0/../../../../arm-none-eabi/lib/thumb/libsysbase.a(syscall_support.o)
                0x000000000800207c                __libc_lock_release_recursive
 .text.__libc_lock_close_recursive
                0x0000000008002098       0x1c /opt/devkitpro/devkitARM/lib/gcc/arm-none-eabi/8.1.0/../../../../arm-none-eabi/lib/thumb/libsysbase.a(syscall_support.o)
                0x0000000008002098                __libc_lock_close_recursive
 .text.__release_handle
                0x00000000080020b4       0x6c /opt/devkitpro/devkitARM/lib/gcc/arm-none-eabi/8.1.0/../../../../arm-none-eabi/lib/thumb/libsysbase.a(handle_manager.o)
                0x00000000080020b4                __release_handle
 .text.__get_handle
                0x0000000008002120       0x1c /opt/devkitpro/devkitARM/lib/gcc/arm-none-eabi/8.1.0/../../../../arm-none-eabi/lib/thumb/libsysbase.a(handle_manager.o)
                0x0000000008002120                __get_handle
 .text.__getreent
                0x000000000800213c       0x28 /opt/devkitpro/devkitARM/lib/gcc/arm-none-eabi/8.1.0/../../../../arm-none-eabi/lib/thumb/libsysbase.a(getreent.o)
                0x000000000800213c                __getreent
 .text.null_write
                0x0000000008002164        0x4 /opt/devkitpro/devkitARM/lib/gcc/arm-none-eabi/8.1.0/../../../../arm-none-eabi/lib/thumb/libsysbase.a(iosupport.o)
 .text.free     0x0000000008002168       0x14 /opt/devkitpro/devkitARM/lib/gcc/arm-none-eabi/8.1.0/../../../../arm-none-eabi/lib/thumb/libg.a(lib_a-malloc.o)
                0x0000000008002168                free
 *fill*         0x000000000800217c        0x4 ff
 .text.free.__stub
                0x0000000008002180       0x14 linker stubs
 *(.text.*personality*)
 *(.gnu.warning)
 *(.glue_7t)
 .glue_7t       0x0000000008002198        0x0 linker stubs
 *(.glue_7)
 .glue_7        0x0000000008002198        0x0 linker stubs
 *(.vfp11_veneer)
 .vfp11_veneer  0x0000000008002198        0x0 linker stubs
                0x0000000008002198                . = ALIGN (0x4)
                0x0000000008002198                __text_end = .

.v4_bx          0x0000000008002198        0x0
 .v4_bx         0x0000000008002198        0x0 linker stubs

.iplt           0x0000000008002198        0x0
 .iplt          0x0000000008002198        0x0 /opt/devkitpro/devkitARM/lib/gcc/arm-none-eabi/8.1.0/../../../../arm-none-eabi/lib/thumb/gba_crt0.o

.fini           0x0000000008002198        0xc
 *(.fini)
 .fini          0x0000000008002198        0x4 /opt/devkitpro/devkitARM/lib/gcc/arm-none-eabi/8.1.0/thumb/crti.o
                0x0000000008002198                _fini
 .fini          0x000000000800219c        0x8 /opt/devkitpro/devkitARM/lib/gcc/arm-none-eabi/8.1.0/thumb/crtn.o
                0x00000000080021a4                . = ALIGN (0x4)

.rodata         0x00000000080021a4    0x12c88
 *(.rodata)
 .rodata        0x00000000080021a4    0x12c00 main.o
                0x00000000080021a4                Untitled_Bitmap
 *all.rodata*(*)
 *(.roda)
 *(.rodata.*)
 .rodata.str1.4
                0x0000000008014da4       0x12 main.o
 *fill*         0x0000000008014db6        0x2 ff
 .rodata._puts_r.str1.4
                0x0000000008014db8        0x2 /opt/devkitpro/devkitARM/lib/gcc/arm-none-eabi/8.1.0/../../../../arm-none-eabi/lib/thumb/libg.a(lib_a-puts.o)
 *fill*         0x0000000008014dba        0x2 ff
 .rodata.AddDevice.str1.4
                0x0000000008014dbc        0x8 /opt/devkitpro/devkitARM/lib/gcc/arm-none-eabi/8.1.0/../../../../arm-none-eabi/lib/thumb/libsysbase.a(iosupport.o)
 .rodata.dotab_stdnull
                0x0000000008014dc4       0x68 /opt/devkitpro/devkitARM/lib/gcc/arm-none-eabi/8.1.0/../../../../arm-none-eabi/lib/thumb/libsysbase.a(iosupport.o)
                0x0000000008014dc4                dotab_stdnull
 *(.gnu.linkonce.r*)
                0x0000000008014e2c                . = ALIGN (0x4)

.ARM.extab
 *(.ARM.extab* .gnu.linkonce.armextab.*)
                0x0000000008014e2c                __exidx_start = .

.ARM.exidx
 *(.ARM.exidx* .gnu.linkonce.armexidx.*)
                0x0000000008014e2c                __exidx_end = .

.ctors          0x0000000008014e2c        0x0
 *crtbegin.o(.ctors)
 *(EXCLUDE_FILE(*crtend.o) .ctors)
 *(SORT_BY_NAME(.ctors.*))
 *(.ctors)
                0x0000000008014e2c                . = ALIGN (0x4)

.dtors          0x0000000008014e2c        0x0
 *crtbegin.o(.dtors)
 *(EXCLUDE_FILE(*crtend.o) .dtors)
 *(SORT_BY_NAME(.dtors.*))
 *(.dtors)
                0x0000000008014e2c                . = ALIGN (0x4)

.eh_frame       0x0000000008014e2c        0x4
 *(.eh_frame)
 .eh_frame      0x0000000008014e2c        0x0 /opt/devkitpro/devkitARM/lib/gcc/arm-none-eabi/8.1.0/thumb/crtbegin.o
 .eh_frame      0x0000000008014e2c        0x4 /opt/devkitpro/devkitARM/lib/gcc/arm-none-eabi/8.1.0/thumb/crtend.o
                0x0000000008014e30                . = ALIGN (0x4)

.rel.dyn        0x0000000008014e30        0x0
 .rel.iplt      0x0000000008014e30        0x0 /opt/devkitpro/devkitARM/lib/gcc/arm-none-eabi/8.1.0/../../../../arm-none-eabi/lib/thumb/gba_crt0.o

.gcc_except_table
                0x0000000008014e30        0x0
 *(.gcc_except_table)
                0x0000000008014e30                . = ALIGN (0x4)
                0x0000000008014e30                __iwram_lma = .

.iwram          0x0000000003000000        0x0 load address 0x0000000008014e30
                0x0000000003000000                __iwram_start__ = ABSOLUTE (.)
 *(.iwram)
 *iwram.*(.text)
                0x0000000003000000                . = ALIGN (0x4)
                0x0000000003000000                __iwram_end__ = ABSOLUTE (.)
                0x0000000008014e30                __data_lma = (__iwram_lma + SIZEOF (.iwram))

.bss            0x0000000003000000       0x94
                0x0000000003000000                __bss_start = ABSOLUTE (.)
                0x0000000003000000                __bss_start__ = ABSOLUTE (.)
 *(.dynbss)
 *(.gnu.linkonce.b*)
 *(.bss*)
 .bss.completed.8914
                0x0000000003000000        0x1 /opt/devkitpro/devkitARM/lib/gcc/arm-none-eabi/8.1.0/thumb/crtbegin.o
 *fill*         0x0000000003000001        0x3 
 .bss.object.8919
                0x0000000003000004       0x18 /opt/devkitpro/devkitARM/lib/gcc/arm-none-eabi/8.1.0/thumb/crtbegin.o
 .bss.__malloc_current_mallinfo
                0x000000000300001c       0x28 /opt/devkitpro/devkitARM/lib/gcc/arm-none-eabi/8.1.0/../../../../arm-none-eabi/lib/thumb/libg.a(lib_a-mallocr.o)
                0x000000000300001c                __malloc_current_mallinfo
 .bss.__malloc_max_sbrked_mem
                0x0000000003000044        0x4 /opt/devkitpro/devkitARM/lib/gcc/arm-none-eabi/8.1.0/../../../../arm-none-eabi/lib/thumb/libg.a(lib_a-mallocr.o)
                0x0000000003000044                __malloc_max_sbrked_mem
 .bss.__malloc_max_total_mem
                0x0000000003000048        0x4 /opt/devkitpro/devkitARM/lib/gcc/arm-none-eabi/8.1.0/../../../../arm-none-eabi/lib/thumb/libg.a(lib_a-mallocr.o)
                0x0000000003000048                __malloc_max_total_mem
 .bss.__malloc_top_pad
                0x000000000300004c        0x4 /opt/devkitpro/devkitARM/lib/gcc/arm-none-eabi/8.1.0/../../../../arm-none-eabi/lib/thumb/libg.a(lib_a-mallocr.o)
                0x000000000300004c                __malloc_top_pad
 .bss.heap_start.5957
                0x0000000003000050        0x4 /opt/devkitpro/devkitARM/lib/gcc/arm-none-eabi/8.1.0/../../../../arm-none-eabi/lib/thumb/libsysbase.a(sbrk.o)
 .bss.fake_heap_end
                0x0000000003000054        0x4 /opt/devkitpro/devkitARM/lib/gcc/arm-none-eabi/8.1.0/../../../../arm-none-eabi/lib/thumb/libsysbase.a(malloc_vars.o)
                0x0000000003000054                fake_heap_end
 .bss.fake_heap_start
                0x0000000003000058        0x4 /opt/devkitpro/devkitARM/lib/gcc/arm-none-eabi/8.1.0/../../../../arm-none-eabi/lib/thumb/libsysbase.a(malloc_vars.o)
                0x0000000003000058                fake_heap_start
 .bss.__syscalls
                0x000000000300005c       0x38 /opt/devkitpro/devkitARM/lib/gcc/arm-none-eabi/8.1.0/../../../../arm-none-eabi/lib/thumb/libsysbase.a(syscall_support.o)
                0x000000000300005c                __syscalls
 *(COMMON)
                0x0000000003000094                . = ALIGN (0x4)
                0x0000000003000094                __bss_end__ = ABSOLUTE (.)

.data           0x0000000003000094     0x1900 load address 0x0000000008014e30
                0x0000000003000094                __data_start__ = ABSOLUTE (.)
 *(.data)
 *(.data.*)
 .data.__sfp_recursive_mutex
                0x0000000003000094        0xc /opt/devkitpro/devkitARM/lib/gcc/arm-none-eabi/8.1.0/../../../../arm-none-eabi/lib/thumb/libg.a(lib_a-findfp.o)
 .data.__sinit_recursive_mutex
                0x00000000030000a0        0xc /opt/devkitpro/devkitARM/lib/gcc/arm-none-eabi/8.1.0/../../../../arm-none-eabi/lib/thumb/libg.a(lib_a-findfp.o)
 .data._impure_ptr
                0x00000000030000ac        0x4 /opt/devkitpro/devkitARM/lib/gcc/arm-none-eabi/8.1.0/../../../../arm-none-eabi/lib/thumb/libg.a(lib_a-impure.o)
                0x00000000030000ac                _impure_ptr
 .data.impure_data
                0x00000000030000b0      0x460 /opt/devkitpro/devkitARM/lib/gcc/arm-none-eabi/8.1.0/../../../../arm-none-eabi/lib/thumb/libg.a(lib_a-impure.o)
 .data.__malloc_av_
                0x0000000003000510      0x408 /opt/devkitpro/devkitARM/lib/gcc/arm-none-eabi/8.1.0/../../../../arm-none-eabi/lib/thumb/libg.a(lib_a-mallocr.o)
                0x0000000003000510                __malloc_av_
 .data.__malloc_sbrk_base
                0x0000000003000918        0x4 /opt/devkitpro/devkitARM/lib/gcc/arm-none-eabi/8.1.0/../../../../arm-none-eabi/lib/thumb/libg.a(lib_a-mallocr.o)
                0x0000000003000918                __malloc_sbrk_base
 .data.__malloc_trim_threshold
                0x000000000300091c        0x4 /opt/devkitpro/devkitARM/lib/gcc/arm-none-eabi/8.1.0/../../../../arm-none-eabi/lib/thumb/libg.a(lib_a-mallocr.o)
                0x000000000300091c                __malloc_trim_threshold
 .data.__malloc_recursive_mutex
                0x0000000003000920        0xc /opt/devkitpro/devkitARM/lib/gcc/arm-none-eabi/8.1.0/../../../../arm-none-eabi/lib/thumb/libg.a(lib_a-mlock.o)
 .data.__hndl_lock
                0x000000000300092c        0x4 /opt/devkitpro/devkitARM/lib/gcc/arm-none-eabi/8.1.0/../../../../arm-none-eabi/lib/thumb/libsysbase.a(handle_manager.o)
 .data.__stderr_handle
                0x0000000003000930        0xc /opt/devkitpro/devkitARM/lib/gcc/arm-none-eabi/8.1.0/../../../../arm-none-eabi/lib/thumb/libsysbase.a(handle_manager.o)
 .data.__stdin_handle
                0x000000000300093c        0xc /opt/devkitpro/devkitARM/lib/gcc/arm-none-eabi/8.1.0/../../../../arm-none-eabi/lib/thumb/libsysbase.a(handle_manager.o)
 .data.__stdout_handle
                0x0000000003000948        0xc /opt/devkitpro/devkitARM/lib/gcc/arm-none-eabi/8.1.0/../../../../arm-none-eabi/lib/thumb/libsysbase.a(handle_manager.o)
 .data.handles  0x0000000003000954     0x1000 /opt/devkitpro/devkitARM/lib/gcc/arm-none-eabi/8.1.0/../../../../arm-none-eabi/lib/thumb/libsysbase.a(handle_manager.o)
 .data.devoptab_list
                0x0000000003001954       0x40 /opt/devkitpro/devkitARM/lib/gcc/arm-none-eabi/8.1.0/../../../../arm-none-eabi/lib/thumb/libsysbase.a(iosupport.o)
                0x0000000003001954                devoptab_list
 *(.gnu.linkonce.d*)
                0x0000000003001994                . = ALIGN (0x4)
                0x0000000008016730                __preinit_lma = (__data_lma + SIZEOF (.data))

.igot.plt       0x0000000003001994        0x0 load address 0x0000000008016730
 .igot.plt      0x0000000003001994        0x0 /opt/devkitpro/devkitARM/lib/gcc/arm-none-eabi/8.1.0/../../../../arm-none-eabi/lib/thumb/gba_crt0.o

.tm_clone_table
                0x0000000003001994        0x0 load address 0x0000000008016730
 .tm_clone_table
                0x0000000003001994        0x0 /opt/devkitpro/devkitARM/lib/gcc/arm-none-eabi/8.1.0/thumb/crtbegin.o
 .tm_clone_table
                0x0000000003001994        0x0 /opt/devkitpro/devkitARM/lib/gcc/arm-none-eabi/8.1.0/thumb/crtend.o

.preinit_array  0x0000000003001994        0x0 load address 0x0000000008016730
                0x0000000003001994                __preinit_array_start = ABSOLUTE (.)
 *(.preinit_array)
                0x0000000003001994                __preinit_array_end = ABSOLUTE (.)
                0x0000000008016730                __init_lma = (__preinit_lma + SIZEOF (.preinit_array))

.init_array     0x0000000003001994        0x4 load address 0x0000000008016730
                0x0000000003001994                __init_array_start = ABSOLUTE (.)
 *(SORT_BY_NAME(.init_array.*))
 *(.init_array)
 .init_array    0x0000000003001994        0x4 /opt/devkitpro/devkitARM/lib/gcc/arm-none-eabi/8.1.0/thumb/crtbegin.o
                0x0000000003001998                __init_array_end = ABSOLUTE (.)
                0x0000000008016734                __fini_lma = (__init_lma + SIZEOF (.init_array))

.fini_array     0x0000000003001998        0x4 load address 0x0000000008016734
                0x0000000003001998                __fini_array_start = ABSOLUTE (.)
 *(SORT_BY_NAME(.fini_array.*))
 *(.fini_array)
 .fini_array    0x0000000003001998        0x4 /opt/devkitpro/devkitARM/lib/gcc/arm-none-eabi/8.1.0/thumb/crtbegin.o
                0x000000000300199c                __fini_array_end = ABSOLUTE (.)
                0x0000000008016738                __jcr_lma = (__fini_lma + SIZEOF (.fini_array))

.jcr            0x000000000300199c        0x0 load address 0x0000000008016738
 *(.jcr)
                0x000000000300199c                __data_end__ = ABSOLUTE (.)
                0x0000000008016738                __iwram_overlay_lma = (__jcr_lma + SIZEOF (.jcr))
                0x000000000300199c                __iwram_overlay_start = .

.iwram0         0x000000000300199c        0x0 load address 0x0000000008016738
 *(.iwram0)
                0x000000000300199c                . = ALIGN (0x4)
                0x0000000008016738                PROVIDE (__load_start_iwram0 = LOADADDR (.iwram0))
                0x0000000008016738                PROVIDE (__load_stop_iwram0 = (LOADADDR (.iwram0) + SIZEOF (.iwram0)))

.iwram1         0x000000000300199c        0x0
 *(.iwram1)
                0x000000000300199c                . = ALIGN (0x4)
                [!provide]                        PROVIDE (__load_start_iwram1 = LOADADDR (.iwram1))
                [!provide]                        PROVIDE (__load_stop_iwram1 = (LOADADDR (.iwram1) + SIZEOF (.iwram1)))

.iwram2         0x000000000300199c        0x0
 *(.iwram2)
                0x000000000300199c                . = ALIGN (0x4)
                [!provide]                        PROVIDE (__load_start_iwram2 = LOADADDR (.iwram2))
                [!provide]                        PROVIDE (__load_stop_iwram2 = (LOADADDR (.iwram2) + SIZEOF (.iwram2)))

.iwram3         0x000000000300199c        0x0
 *(.iwram3)
                0x000000000300199c                . = ALIGN (0x4)
                [!provide]                        PROVIDE (__load_start_iwram3 = LOADADDR (.iwram3))
                [!provide]                        PROVIDE (__load_stop_iwram3 = (LOADADDR (.iwram3) + SIZEOF (.iwram3)))

.iwram4         0x000000000300199c        0x0
 *(.iwram4)
                0x000000000300199c                . = ALIGN (0x4)
                [!provide]                        PROVIDE (__load_start_iwram4 = LOADADDR (.iwram4))
                [!provide]                        PROVIDE (__load_stop_iwram4 = (LOADADDR (.iwram4) + SIZEOF (.iwram4)))

.iwram5         0x000000000300199c        0x0
 *(.iwram5)
                0x000000000300199c                . = ALIGN (0x4)
                [!provide]                        PROVIDE (__load_start_iwram5 = LOADADDR (.iwram5))
                [!provide]                        PROVIDE (__load_stop_iwram5 = (LOADADDR (.iwram5) + SIZEOF (.iwram5)))

.iwram6         0x000000000300199c        0x0
 *(.iwram6)
                0x000000000300199c                . = ALIGN (0x4)
                [!provide]                        PROVIDE (__load_start_iwram6 = LOADADDR (.iwram6))
                [!provide]                        PROVIDE (__load_stop_iwram6 = (LOADADDR (.iwram6) + SIZEOF (.iwram6)))

.iwram7         0x000000000300199c        0x0
 *(.iwram7)
                0x000000000300199c                . = ALIGN (0x4)
                [!provide]                        PROVIDE (__load_start_iwram7 = LOADADDR (.iwram7))
                [!provide]                        PROVIDE (__load_stop_iwram7 = (LOADADDR (.iwram7) + SIZEOF (.iwram7)))

.iwram8         0x000000000300199c        0x0
 *(.iwram8)
                0x000000000300199c                . = ALIGN (0x4)
                [!provide]                        PROVIDE (__load_start_iwram8 = LOADADDR (.iwram8))
                [!provide]                        PROVIDE (__load_stop_iwram8 = (LOADADDR (.iwram8) + SIZEOF (.iwram8)))

.iwram9         0x000000000300199c        0x0
 *(.iwram9)
                0x000000000300199c                . = ALIGN (0x4)
                [!provide]                        PROVIDE (__load_start_iwram9 = LOADADDR (.iwram9))
                [!provide]                        PROVIDE (__load_stop_iwram9 = (LOADADDR (.iwram9) + SIZEOF (.iwram9)))
                0x000000000300199c                __iwram_overlay_end = .
                0x0000000008016738                __ewram_lma = (__iwram_overlay_lma + (__iwram_overlay_end - __iwram_overlay_start))
                0x000000000300199c                __iheap_start = .
                0x0000000002000000                __ewram_start = ORIGIN (ewram)

.ewram          0x0000000002000000        0x0 load address 0x0000000008016738
 *(.ewram)
                0x0000000002000000                . = ALIGN (0x4)
                0x0000000002000000                __ewram_end = ABSOLUTE (.)
                0x0000000008016738                __pad_lma = (__ewram_lma + SIZEOF (.ewram))

.sbss           0x0000000002000000        0x0
                0x0000000002000000                __sbss_start__ = ABSOLUTE (.)
 *(.sbss)
                0x0000000002000000                . = ALIGN (0x4)
                0x0000000002000000                __sbss_end__ = ABSOLUTE (.)
                0x0000000002000000                __end__ = ABSOLUTE (.)
                0x0000000002000000                __eheap_start = ABSOLUTE (.)

.pad            0x0000000002000000        0x8 load address 0x0000000008016738
                0x0000000002000000        0x4 LONG 0x52416b64
                0x0000000002000004        0x4 LONG 0x4d
                0x0000000002000008                . = ALIGN (0x4)
                0x0000000008016740                __rom_end__ = (__pad_lma + SIZEOF (.pad))

.stab
 *(.stab)

.stabstr
 *(.stabstr)

.stab.excl
 *(.stab.excl)

.stab.exclstr
 *(.stab.exclstr)

.stab.index
 *(.stab.index)

.stab.indexstr
 *(.stab.indexstr)

.comment        0x0000000000000000       0x22
 *(.comment)
 .comment       0x0000000000000000       0x22 /opt/devkitpro/devkitARM/lib/gcc/arm-none-eabi/8.1.0/thumb/crtbegin.o
                                         0x23 (size before relaxing)
 .comment       0x0000000000000022       0x23 main.o
 .comment       0x0000000000000022       0x23 /opt/devkitpro/devkitARM/lib/gcc/arm-none-eabi/8.1.0/../../../../arm-none-eabi/lib/thumb/libg.a(lib_a-init.o)
 .comment       0x0000000000000022       0x23 /opt/devkitpro/devkitARM/lib/gcc/arm-none-eabi/8.1.0/../../../../arm-none-eabi/lib/thumb/libg.a(lib_a-memcpy-stub.o)
 .comment       0x0000000000000022       0x23 /opt/devkitpro/devkitARM/lib/gcc/arm-none-eabi/8.1.0/../../../../arm-none-eabi/lib/thumb/libg.a(lib_a-puts.o)
 .comment       0x0000000000000022       0x23 /opt/devkitpro/devkitARM/lib/gcc/arm-none-eabi/8.1.0/../../../../arm-none-eabi/lib/thumb/libg.a(lib_a-strlen-stub.o)
 .comment       0x0000000000000022       0x23 /opt/devkitpro/devkitARM/lib/gcc/arm-none-eabi/8.1.0/../../../../arm-none-eabi/lib/thumb/libg.a(lib_a-findfp.o)
 .comment       0x0000000000000022       0x23 /opt/devkitpro/devkitARM/lib/gcc/arm-none-eabi/8.1.0/../../../../arm-none-eabi/lib/thumb/libg.a(lib_a-fvwrite.o)
 .comment       0x0000000000000022       0x23 /opt/devkitpro/devkitARM/lib/gcc/arm-none-eabi/8.1.0/../../../../arm-none-eabi/lib/thumb/libg.a(lib_a-fwalk.o)
 .comment       0x0000000000000022       0x23 /opt/devkitpro/devkitARM/lib/gcc/arm-none-eabi/8.1.0/../../../../arm-none-eabi/lib/thumb/libg.a(lib_a-impure.o)
 .comment       0x0000000000000022       0x23 /opt/devkitpro/devkitARM/lib/gcc/arm-none-eabi/8.1.0/../../../../arm-none-eabi/lib/thumb/libg.a(lib_a-mallocr.o)
 .comment       0x0000000000000022       0x23 /opt/devkitpro/devkitARM/lib/gcc/arm-none-eabi/8.1.0/../../../../arm-none-eabi/lib/thumb/libg.a(lib_a-memchr-stub.o)
 .comment       0x0000000000000022       0x23 /opt/devkitpro/devkitARM/lib/gcc/arm-none-eabi/8.1.0/../../../../arm-none-eabi/lib/thumb/libg.a(lib_a-memmove.o)
 .comment       0x0000000000000022       0x23 /opt/devkitpro/devkitARM/lib/gcc/arm-none-eabi/8.1.0/../../../../arm-none-eabi/lib/thumb/libg.a(lib_a-memset.o)
 .comment       0x0000000000000022       0x23 /opt/devkitpro/devkitARM/lib/gcc/arm-none-eabi/8.1.0/../../../../arm-none-eabi/lib/thumb/libg.a(lib_a-mlock.o)
 .comment       0x0000000000000022       0x23 /opt/devkitpro/devkitARM/lib/gcc/arm-none-eabi/8.1.0/../../../../arm-none-eabi/lib/thumb/libg.a(lib_a-reallocr.o)
 .comment       0x0000000000000022       0x23 /opt/devkitpro/devkitARM/lib/gcc/arm-none-eabi/8.1.0/../../../../arm-none-eabi/lib/thumb/libg.a(lib_a-stdio.o)
 .comment       0x0000000000000022       0x23 /opt/devkitpro/devkitARM/lib/gcc/arm-none-eabi/8.1.0/../../../../arm-none-eabi/lib/thumb/libg.a(lib_a-wsetup.o)
 .comment       0x0000000000000022       0x23 /opt/devkitpro/devkitARM/lib/gcc/arm-none-eabi/8.1.0/../../../../arm-none-eabi/lib/thumb/libg.a(lib_a-fclose.o)
 .comment       0x0000000000000022       0x23 /opt/devkitpro/devkitARM/lib/gcc/arm-none-eabi/8.1.0/../../../../arm-none-eabi/lib/thumb/libg.a(lib_a-fflush.o)
 .comment       0x0000000000000022       0x23 /opt/devkitpro/devkitARM/lib/gcc/arm-none-eabi/8.1.0/../../../../arm-none-eabi/lib/thumb/libg.a(lib_a-freer.o)
 .comment       0x0000000000000022       0x23 /opt/devkitpro/devkitARM/lib/gcc/arm-none-eabi/8.1.0/../../../../arm-none-eabi/lib/thumb/libg.a(lib_a-makebuf.o)
 .comment       0x0000000000000022       0x23 /opt/devkitpro/devkitARM/lib/gcc/arm-none-eabi/8.1.0/../../../../arm-none-eabi/lib/thumb/libsysbase.a(close.o)
 .comment       0x0000000000000022       0x23 /opt/devkitpro/devkitARM/lib/gcc/arm-none-eabi/8.1.0/../../../../arm-none-eabi/lib/thumb/libsysbase.a(fstat.o)
 .comment       0x0000000000000022       0x23 /opt/devkitpro/devkitARM/lib/gcc/arm-none-eabi/8.1.0/../../../../arm-none-eabi/lib/thumb/libsysbase.a(isatty.o)
 .comment       0x0000000000000022       0x23 /opt/devkitpro/devkitARM/lib/gcc/arm-none-eabi/8.1.0/../../../../arm-none-eabi/lib/thumb/libsysbase.a(lseek.o)
 .comment       0x0000000000000022       0x23 /opt/devkitpro/devkitARM/lib/gcc/arm-none-eabi/8.1.0/../../../../arm-none-eabi/lib/thumb/libsysbase.a(read.o)
 .comment       0x0000000000000022       0x23 /opt/devkitpro/devkitARM/lib/gcc/arm-none-eabi/8.1.0/../../../../arm-none-eabi/lib/thumb/libsysbase.a(sbrk.o)
 .comment       0x0000000000000022       0x23 /opt/devkitpro/devkitARM/lib/gcc/arm-none-eabi/8.1.0/../../../../arm-none-eabi/lib/thumb/libsysbase.a(write.o)
 .comment       0x0000000000000022       0x23 /opt/devkitpro/devkitARM/lib/gcc/arm-none-eabi/8.1.0/../../../../arm-none-eabi/lib/thumb/libsysbase.a(malloc_vars.o)
 .comment       0x0000000000000022       0x23 /opt/devkitpro/devkitARM/lib/gcc/arm-none-eabi/8.1.0/../../../../arm-none-eabi/lib/thumb/libsysbase.a(flock.o)
 .comment       0x0000000000000022       0x23 /opt/devkitpro/devkitARM/lib/gcc/arm-none-eabi/8.1.0/../../../../arm-none-eabi/lib/thumb/libsysbase.a(syscall_support.o)
 .comment       0x0000000000000022       0x23 /opt/devkitpro/devkitARM/lib/gcc/arm-none-eabi/8.1.0/../../../../arm-none-eabi/lib/thumb/libsysbase.a(handle_manager.o)
 .comment       0x0000000000000022       0x23 /opt/devkitpro/devkitARM/lib/gcc/arm-none-eabi/8.1.0/../../../../arm-none-eabi/lib/thumb/libsysbase.a(getreent.o)
 .comment       0x0000000000000022       0x23 /opt/devkitpro/devkitARM/lib/gcc/arm-none-eabi/8.1.0/../../../../arm-none-eabi/lib/thumb/libsysbase.a(iosupport.o)
 .comment       0x0000000000000022       0x23 /opt/devkitpro/devkitARM/lib/gcc/arm-none-eabi/8.1.0/../../../../arm-none-eabi/lib/thumb/libg.a(lib_a-malloc.o)
 .comment       0x0000000000000022       0x23 /opt/devkitpro/devkitARM/lib/gcc/arm-none-eabi/8.1.0/thumb/crtend.o

.debug
 *(.debug)

.line
 *(.line)

.debug_srcinfo
 *(.debug_srcinfo)

.debug_sfnames
 *(.debug_sfnames)

.debug_aranges  0x0000000000000000       0x20
 *(.debug_aranges)
 .debug_aranges
                0x0000000000000000       0x20 main.o

.debug_pubnames
 *(.debug_pubnames)

.debug_info     0x0000000000000000      0xa39
 *(.debug_info)
 .debug_info    0x0000000000000000      0xa39 main.o

.debug_abbrev   0x0000000000000000      0x224
 *(.debug_abbrev)
 .debug_abbrev  0x0000000000000000      0x224 main.o

.debug_line     0x0000000000000000      0x20d
 *(.debug_line)
 .debug_line    0x0000000000000000      0x20d main.o

.debug_frame    0x0000000000000000       0x28
 *(.debug_frame)
 .debug_frame   0x0000000000000000       0x28 main.o

.debug_str      0x0000000000000000      0x580
 *(.debug_str)
 .debug_str     0x0000000000000000      0x580 main.o
                                        0x5f4 (size before relaxing)

.debug_loc
 *(.debug_loc)

.debug_macinfo
 *(.debug_macinfo)

.debug_weaknames
 *(.debug_weaknames)

.debug_funcnames
 *(.debug_funcnames)

.debug_typenames
 *(.debug_typenames)

.debug_varnames
 *(.debug_varnames)

.stack          0x0000000000080000        0x0
                0x0000000000080000                _stack = .
 *(.stack)

.note.gnu.arm.ident
 *(.note.gnu.arm.ident)

.ARM.attributes
                0x0000000000000000       0x2c
 *(.ARM.attributes)
 .ARM.attributes
                0x0000000000000000       0x20 /opt/devkitpro/devkitARM/lib/gcc/arm-none-eabi/8.1.0/../../../../arm-none-eabi/lib/thumb/gba_crt0.o
 .ARM.attributes
                0x0000000000000020       0x1c /opt/devkitpro/devkitARM/lib/gcc/arm-none-eabi/8.1.0/thumb/crti.o
 .ARM.attributes
                0x000000000000003c       0x2a /opt/devkitpro/devkitARM/lib/gcc/arm-none-eabi/8.1.0/thumb/crtbegin.o
 .ARM.attributes
                0x0000000000000066       0x26 main.o
 .ARM.attributes
                0x000000000000008c       0x2a /opt/devkitpro/devkitARM/lib/gcc/arm-none-eabi/8.1.0/../../../../arm-none-eabi/lib/thumb/libg.a(lib_a-init.o)
 .ARM.attributes
                0x00000000000000b6       0x2a /opt/devkitpro/devkitARM/lib/gcc/arm-none-eabi/8.1.0/../../../../arm-none-eabi/lib/thumb/libg.a(lib_a-memcpy-stub.o)
 .ARM.attributes
                0x00000000000000e0       0x2a /opt/devkitpro/devkitARM/lib/gcc/arm-none-eabi/8.1.0/../../../../arm-none-eabi/lib/thumb/libg.a(lib_a-puts.o)
 .ARM.attributes
                0x000000000000010a       0x2a /opt/devkitpro/devkitARM/lib/gcc/arm-none-eabi/8.1.0/../../../../arm-none-eabi/lib/thumb/libg.a(lib_a-strlen-stub.o)
 .ARM.attributes
                0x0000000000000134       0x2a /opt/devkitpro/devkitARM/lib/gcc/arm-none-eabi/8.1.0/../../../../arm-none-eabi/lib/thumb/libg.a(lib_a-findfp.o)
 .ARM.attributes
                0x000000000000015e       0x2a /opt/devkitpro/devkitARM/lib/gcc/arm-none-eabi/8.1.0/../../../../arm-none-eabi/lib/thumb/libg.a(lib_a-fvwrite.o)
 .ARM.attributes
                0x0000000000000188       0x2a /opt/devkitpro/devkitARM/lib/gcc/arm-none-eabi/8.1.0/../../../../arm-none-eabi/lib/thumb/libg.a(lib_a-fwalk.o)
 .ARM.attributes
                0x00000000000001b2       0x30 /opt/devkitpro/devkitARM/lib/gcc/arm-none-eabi/8.1.0/../../../../arm-none-eabi/lib/thumb/libg.a(lib_a-impure.o)
 .ARM.attributes
                0x00000000000001e2       0x2a /opt/devkitpro/devkitARM/lib/gcc/arm-none-eabi/8.1.0/../../../../arm-none-eabi/lib/thumb/libg.a(lib_a-mallocr.o)
 .ARM.attributes
                0x000000000000020c       0x2a /opt/devkitpro/devkitARM/lib/gcc/arm-none-eabi/8.1.0/../../../../arm-none-eabi/lib/thumb/libg.a(lib_a-memchr-stub.o)
 .ARM.attributes
                0x0000000000000236       0x2a /opt/devkitpro/devkitARM/lib/gcc/arm-none-eabi/8.1.0/../../../../arm-none-eabi/lib/thumb/libg.a(lib_a-memmove.o)
 .ARM.attributes
                0x0000000000000260       0x2a /opt/devkitpro/devkitARM/lib/gcc/arm-none-eabi/8.1.0/../../../../arm-none-eabi/lib/thumb/libg.a(lib_a-memset.o)
 .ARM.attributes
                0x000000000000028a       0x2a /opt/devkitpro/devkitARM/lib/gcc/arm-none-eabi/8.1.0/../../../../arm-none-eabi/lib/thumb/libg.a(lib_a-mlock.o)
 .ARM.attributes
                0x00000000000002b4       0x2a /opt/devkitpro/devkitARM/lib/gcc/arm-none-eabi/8.1.0/../../../../arm-none-eabi/lib/thumb/libg.a(lib_a-reallocr.o)
 .ARM.attributes
                0x00000000000002de       0x2a /opt/devkitpro/devkitARM/lib/gcc/arm-none-eabi/8.1.0/../../../../arm-none-eabi/lib/thumb/libg.a(lib_a-stdio.o)
 .ARM.attributes
                0x0000000000000308       0x2a /opt/devkitpro/devkitARM/lib/gcc/arm-none-eabi/8.1.0/../../../../arm-none-eabi/lib/thumb/libg.a(lib_a-wsetup.o)
 .ARM.attributes
                0x0000000000000332       0x2a /opt/devkitpro/devkitARM/lib/gcc/arm-none-eabi/8.1.0/../../../../arm-none-eabi/lib/thumb/libg.a(lib_a-fclose.o)
 .ARM.attributes
                0x000000000000035c       0x2a /opt/devkitpro/devkitARM/lib/gcc/arm-none-eabi/8.1.0/../../../../arm-none-eabi/lib/thumb/libg.a(lib_a-fflush.o)
 .ARM.attributes
                0x0000000000000386       0x2a /opt/devkitpro/devkitARM/lib/gcc/arm-none-eabi/8.1.0/../../../../arm-none-eabi/lib/thumb/libg.a(lib_a-freer.o)
 .ARM.attributes
                0x00000000000003b0       0x2a /opt/devkitpro/devkitARM/lib/gcc/arm-none-eabi/8.1.0/../../../../arm-none-eabi/lib/thumb/libg.a(lib_a-makebuf.o)
 .ARM.attributes
                0x00000000000003da       0x2a /opt/devkitpro/devkitARM/lib/gcc/arm-none-eabi/8.1.0/../../../../arm-none-eabi/lib/thumb/libsysbase.a(close.o)
 .ARM.attributes
                0x0000000000000404       0x2a /opt/devkitpro/devkitARM/lib/gcc/arm-none-eabi/8.1.0/../../../../arm-none-eabi/lib/thumb/libsysbase.a(fstat.o)
 .ARM.attributes
                0x000000000000042e       0x2a /opt/devkitpro/devkitARM/lib/gcc/arm-none-eabi/8.1.0/../../../../arm-none-eabi/lib/thumb/libsysbase.a(isatty.o)
 .ARM.attributes
                0x0000000000000458       0x2a /opt/devkitpro/devkitARM/lib/gcc/arm-none-eabi/8.1.0/../../../../arm-none-eabi/lib/thumb/libsysbase.a(lseek.o)
 .ARM.attributes
                0x0000000000000482       0x2a /opt/devkitpro/devkitARM/lib/gcc/arm-none-eabi/8.1.0/../../../../arm-none-eabi/lib/thumb/libsysbase.a(read.o)
 .ARM.attributes
                0x00000000000004ac       0x2a /opt/devkitpro/devkitARM/lib/gcc/arm-none-eabi/8.1.0/../../../../arm-none-eabi/lib/thumb/libsysbase.a(sbrk.o)
 .ARM.attributes
                0x00000000000004d6       0x2a /opt/devkitpro/devkitARM/lib/gcc/arm-none-eabi/8.1.0/../../../../arm-none-eabi/lib/thumb/libsysbase.a(write.o)
 .ARM.attributes
                0x0000000000000500       0x30 /opt/devkitpro/devkitARM/lib/gcc/arm-none-eabi/8.1.0/../../../../arm-none-eabi/lib/thumb/libsysbase.a(malloc_vars.o)
 .ARM.attributes
                0x0000000000000530       0x2a /opt/devkitpro/devkitARM/lib/gcc/arm-none-eabi/8.1.0/../../../../arm-none-eabi/lib/thumb/libsysbase.a(flock.o)
 .ARM.attributes
                0x000000000000055a       0x2a /opt/devkitpro/devkitARM/lib/gcc/arm-none-eabi/8.1.0/../../../../arm-none-eabi/lib/thumb/libsysbase.a(syscall_support.o)
 .ARM.attributes
                0x0000000000000584       0x2a /opt/devkitpro/devkitARM/lib/gcc/arm-none-eabi/8.1.0/../../../../arm-none-eabi/lib/thumb/libsysbase.a(handle_manager.o)
 .ARM.attributes
                0x00000000000005ae       0x2a /opt/devkitpro/devkitARM/lib/gcc/arm-none-eabi/8.1.0/../../../../arm-none-eabi/lib/thumb/libsysbase.a(getreent.o)
 .ARM.attributes
                0x00000000000005d8       0x2a /opt/devkitpro/devkitARM/lib/gcc/arm-none-eabi/8.1.0/../../../../arm-none-eabi/lib/thumb/libsysbase.a(iosupport.o)
 .ARM.attributes
                0x0000000000000602       0x1c /opt/devkitpro/devkitARM/lib/gcc/arm-none-eabi/8.1.0/thumb/libgcc.a(_divsi3.o)
 .ARM.attributes
                0x000000000000061e       0x1c /opt/devkitpro/devkitARM/lib/gcc/arm-none-eabi/8.1.0/thumb/libgcc.a(_dvmd_tls.o)
 .ARM.attributes
                0x000000000000063a       0x2a /opt/devkitpro/devkitARM/lib/gcc/arm-none-eabi/8.1.0/../../../../arm-none-eabi/lib/thumb/libg.a(lib_a-errno.o)
 .ARM.attributes
                0x0000000000000664       0x2a /opt/devkitpro/devkitARM/lib/gcc/arm-none-eabi/8.1.0/../../../../arm-none-eabi/lib/thumb/libg.a(lib_a-locale.o)
 .ARM.attributes
                0x000000000000068e       0x2a /opt/devkitpro/devkitARM/lib/gcc/arm-none-eabi/8.1.0/../../../../arm-none-eabi/lib/thumb/libg.a(lib_a-malloc.o)
 .ARM.attributes
                0x00000000000006b8       0x2a /opt/devkitpro/devkitARM/lib/gcc/arm-none-eabi/8.1.0/../../../../arm-none-eabi/lib/thumb/libg.a(lib_a-mbtowc_r.o)
 .ARM.attributes
                0x00000000000006e2       0x2a /opt/devkitpro/devkitARM/lib/gcc/arm-none-eabi/8.1.0/../../../../arm-none-eabi/lib/thumb/libg.a(lib_a-strcasecmp.o)
 .ARM.attributes
                0x000000000000070c       0x2a /opt/devkitpro/devkitARM/lib/gcc/arm-none-eabi/8.1.0/../../../../arm-none-eabi/lib/thumb/libg.a(lib_a-strcat.o)
 .ARM.attributes
                0x0000000000000736       0x2a /opt/devkitpro/devkitARM/lib/gcc/arm-none-eabi/8.1.0/../../../../arm-none-eabi/lib/thumb/libg.a(lib_a-strchr.o)
 .ARM.attributes
                0x0000000000000760       0x1a /opt/devkitpro/devkitARM/lib/gcc/arm-none-eabi/8.1.0/../../../../arm-none-eabi/lib/thumb/libg.a(lib_a-strcmp.o)
 .ARM.attributes
                0x000000000000077a       0x2a /opt/devkitpro/devkitARM/lib/gcc/arm-none-eabi/8.1.0/../../../../arm-none-eabi/lib/thumb/libg.a(lib_a-strcpy.o)
 .ARM.attributes
                0x00000000000007a4       0x2a /opt/devkitpro/devkitARM/lib/gcc/arm-none-eabi/8.1.0/../../../../arm-none-eabi/lib/thumb/libg.a(lib_a-strlcpy.o)
 .ARM.attributes
                0x00000000000007ce       0x2a /opt/devkitpro/devkitARM/lib/gcc/arm-none-eabi/8.1.0/../../../../arm-none-eabi/lib/thumb/libg.a(lib_a-strncasecmp.o)
 .ARM.attributes
                0x00000000000007f8       0x2a /opt/devkitpro/devkitARM/lib/gcc/arm-none-eabi/8.1.0/../../../../arm-none-eabi/lib/thumb/libg.a(lib_a-strncmp.o)
 .ARM.attributes
                0x0000000000000822       0x2a /opt/devkitpro/devkitARM/lib/gcc/arm-none-eabi/8.1.0/../../../../arm-none-eabi/lib/thumb/libg.a(lib_a-strncpy.o)
 .ARM.attributes
                0x000000000000084c       0x2a /opt/devkitpro/devkitARM/lib/gcc/arm-none-eabi/8.1.0/../../../../arm-none-eabi/lib/thumb/libg.a(lib_a-strtol.o)
 .ARM.attributes
                0x0000000000000876       0x2a /opt/devkitpro/devkitARM/lib/gcc/arm-none-eabi/8.1.0/../../../../arm-none-eabi/lib/thumb/libg.a(lib_a-wctomb_r.o)
 .ARM.attributes
                0x00000000000008a0       0x2a /opt/devkitpro/devkitARM/lib/gcc/arm-none-eabi/8.1.0/../../../../arm-none-eabi/lib/thumb/libg.a(lib_a-ctype_.o)
 .ARM.attributes
                0x00000000000008ca       0x2a /opt/devkitpro/devkitARM/lib/gcc/arm-none-eabi/8.1.0/../../../../arm-none-eabi/lib/thumb/libg.a(lib_a-getenv_r.o)
 .ARM.attributes
                0x00000000000008f4       0x30 /opt/devkitpro/devkitARM/lib/gcc/arm-none-eabi/8.1.0/../../../../arm-none-eabi/lib/thumb/libg.a(lib_a-environ.o)
 .ARM.attributes
                0x0000000000000924       0x2a /opt/devkitpro/devkitARM/lib/gcc/arm-none-eabi/8.1.0/../../../../arm-none-eabi/lib/thumb/libg.a(lib_a-envlock.o)
 .ARM.attributes
                0x000000000000094e       0x1c /opt/devkitpro/devkitARM/lib/gcc/arm-none-eabi/8.1.0/thumb/libgcc.a(_udivsi3.o)
 .ARM.attributes
                0x000000000000096a       0x30 /opt/devkitpro/devkitARM/lib/gcc/arm-none-eabi/8.1.0/thumb/crtend.o
 .ARM.attributes
                0x000000000000099a       0x1c /opt/devkitpro/devkitARM/lib/gcc/arm-none-eabi/8.1.0/thumb/crtn.o

/DISCARD/
 *(.note.GNU-stack)
LOAD /opt/devkitpro/devkitARM/lib/gcc/arm-none-eabi/8.1.0/../../../../arm-none-eabi/lib/thumb/gba_crt0.o
LOAD /opt/devkitpro/devkitARM/lib/gcc/arm-none-eabi/8.1.0/thumb/crti.o
LOAD /opt/devkitpro/devkitARM/lib/gcc/arm-none-eabi/8.1.0/thumb/crtbegin.o
LOAD main.o
LOAD /opt/devkitpro/libgba/lib/libmm.a
LOAD /opt/devkitpro/libgba/lib/libgba.a
START GROUP
LOAD /opt/devkitpro/devkitARM/lib/gcc/arm-none-eabi/8.1.0/thumb/libgcc.a
LOAD /opt/devkitpro/devkitARM/lib/gcc/arm-none-eabi/8.1.0/../../../../arm-none-eabi/lib/thumb/libg.a
LOAD /opt/devkitpro/devkitARM/lib/gcc/arm-none-eabi/8.1.0/../../../../arm-none-eabi/lib/thumb/libc.a
LOAD /opt/devkitpro/devkitARM/lib/gcc/arm-none-eabi/8.1.0/../../../../arm-none-eabi/lib/thumb/libsysbase.a
END GROUP
LOAD /opt/devkitpro/devkitARM/lib/gcc/arm-none-eabi/8.1.0/thumb/crtend.o
LOAD /opt/devkitpro/devkitARM/lib/gcc/arm-none-eabi/8.1.0/thumb/crtn.o
OUTPUT(/home/ubuntu/workspace/HelloBmp/HelloBmp.elf elf32-littlearm)

.debug_ranges   0x0000000000000000       0x10
 .debug_ranges  0x0000000000000000       0x10 main.o
