Archive member included to satisfy reference by file (symbol)

c:/compilers/devkitpro/devkitarm/bin/../lib/gcc/arm-none-eabi/8.1.0/thumb\libgcc.a(_divsi3.o)
                              main.o (__aeabi_idivmod)
c:/compilers/devkitpro/devkitarm/bin/../lib/gcc/arm-none-eabi/8.1.0/thumb\libgcc.a(_dvmd_tls.o)
                              c:/compilers/devkitpro/devkitarm/bin/../lib/gcc/arm-none-eabi/8.1.0/thumb\libgcc.a(_divsi3.o) (__aeabi_idiv0)
c:/compilers/devkitpro/devkitarm/bin/../lib/gcc/arm-none-eabi/8.1.0/../../../../arm-none-eabi/lib/thumb\libg.a(lib_a-init.o)
                              c:/compilers/devkitpro/devkitarm/bin/../lib/gcc/arm-none-eabi/8.1.0/../../../../arm-none-eabi/lib/thumb/gba_crt0.o (__libc_init_array)
c:/compilers/devkitpro/devkitarm/bin/../lib/gcc/arm-none-eabi/8.1.0/../../../../arm-none-eabi/lib/thumb\libg.a(lib_a-rand.o)
                              main.o (rand)
c:/compilers/devkitpro/devkitarm/bin/../lib/gcc/arm-none-eabi/8.1.0/../../../../arm-none-eabi/lib/thumb\libsysbase.a(malloc_vars.o)
                              c:/compilers/devkitpro/devkitarm/bin/../lib/gcc/arm-none-eabi/8.1.0/../../../../arm-none-eabi/lib/thumb/gba_crt0.o (fake_heap_end)
c:/compilers/devkitpro/devkitarm/bin/../lib/gcc/arm-none-eabi/8.1.0/../../../../arm-none-eabi/lib/thumb\libsysbase.a(getreent.o)
                              c:/compilers/devkitpro/devkitarm/bin/../lib/gcc/arm-none-eabi/8.1.0/../../../../arm-none-eabi/lib/thumb\libg.a(lib_a-rand.o) (__getreent)
c:/compilers/devkitpro/devkitarm/bin/../lib/gcc/arm-none-eabi/8.1.0/../../../../arm-none-eabi/lib/thumb\libsysbase.a(syscall_support.o)
                              c:/compilers/devkitpro/devkitarm/bin/../lib/gcc/arm-none-eabi/8.1.0/../../../../arm-none-eabi/lib/thumb\libsysbase.a(getreent.o) (__syscalls)
c:/compilers/devkitpro/devkitarm/bin/../lib/gcc/arm-none-eabi/8.1.0/thumb\libgcc.a(_muldi3.o)
                              c:/compilers/devkitpro/devkitarm/bin/../lib/gcc/arm-none-eabi/8.1.0/../../../../arm-none-eabi/lib/thumb\libg.a(lib_a-rand.o) (__aeabi_lmul)
c:/compilers/devkitpro/devkitarm/bin/../lib/gcc/arm-none-eabi/8.1.0/../../../../arm-none-eabi/lib/thumb\libg.a(lib_a-impure.o)
                              c:/compilers/devkitpro/devkitarm/bin/../lib/gcc/arm-none-eabi/8.1.0/../../../../arm-none-eabi/lib/thumb\libsysbase.a(getreent.o) (_impure_ptr)

Discarded input sections

 .text          0x0000000000000000        0x0 c:/compilers/devkitpro/devkitarm/bin/../lib/gcc/arm-none-eabi/8.1.0/../../../../arm-none-eabi/lib/thumb/gba_crt0.o
 .data          0x0000000000000000        0x0 c:/compilers/devkitpro/devkitarm/bin/../lib/gcc/arm-none-eabi/8.1.0/../../../../arm-none-eabi/lib/thumb/gba_crt0.o
 .bss           0x0000000000000000        0x0 c:/compilers/devkitpro/devkitarm/bin/../lib/gcc/arm-none-eabi/8.1.0/../../../../arm-none-eabi/lib/thumb/gba_crt0.o
 .text          0x0000000000000000        0x0 c:/compilers/devkitpro/devkitarm/bin/../lib/gcc/arm-none-eabi/8.1.0/thumb/crti.o
 .data          0x0000000000000000        0x0 c:/compilers/devkitpro/devkitarm/bin/../lib/gcc/arm-none-eabi/8.1.0/thumb/crti.o
 .bss           0x0000000000000000        0x0 c:/compilers/devkitpro/devkitarm/bin/../lib/gcc/arm-none-eabi/8.1.0/thumb/crti.o
 .text          0x0000000000000000        0x0 c:/compilers/devkitpro/devkitarm/bin/../lib/gcc/arm-none-eabi/8.1.0/thumb/crtbegin.o
 .data          0x0000000000000000        0x0 c:/compilers/devkitpro/devkitarm/bin/../lib/gcc/arm-none-eabi/8.1.0/thumb/crtbegin.o
 .bss           0x0000000000000000        0x0 c:/compilers/devkitpro/devkitarm/bin/../lib/gcc/arm-none-eabi/8.1.0/thumb/crtbegin.o
 .data.__dso_handle
                0x0000000000000000        0x4 c:/compilers/devkitpro/devkitarm/bin/../lib/gcc/arm-none-eabi/8.1.0/thumb/crtbegin.o
 .text          0x0000000000000000        0x0 main.o
 .data          0x0000000000000000        0x0 main.o
 .bss           0x0000000000000000        0x0 main.o
 .data          0x0000000000000000        0x0 c:/compilers/devkitpro/devkitarm/bin/../lib/gcc/arm-none-eabi/8.1.0/thumb\libgcc.a(_divsi3.o)
 .bss           0x0000000000000000        0x0 c:/compilers/devkitpro/devkitarm/bin/../lib/gcc/arm-none-eabi/8.1.0/thumb\libgcc.a(_divsi3.o)
 .data          0x0000000000000000        0x0 c:/compilers/devkitpro/devkitarm/bin/../lib/gcc/arm-none-eabi/8.1.0/thumb\libgcc.a(_dvmd_tls.o)
 .bss           0x0000000000000000        0x0 c:/compilers/devkitpro/devkitarm/bin/../lib/gcc/arm-none-eabi/8.1.0/thumb\libgcc.a(_dvmd_tls.o)
 .text          0x0000000000000000        0x0 c:/compilers/devkitpro/devkitarm/bin/../lib/gcc/arm-none-eabi/8.1.0/../../../../arm-none-eabi/lib/thumb\libg.a(lib_a-init.o)
 .data          0x0000000000000000        0x0 c:/compilers/devkitpro/devkitarm/bin/../lib/gcc/arm-none-eabi/8.1.0/../../../../arm-none-eabi/lib/thumb\libg.a(lib_a-init.o)
 .bss           0x0000000000000000        0x0 c:/compilers/devkitpro/devkitarm/bin/../lib/gcc/arm-none-eabi/8.1.0/../../../../arm-none-eabi/lib/thumb\libg.a(lib_a-init.o)
 .text          0x0000000000000000        0x0 c:/compilers/devkitpro/devkitarm/bin/../lib/gcc/arm-none-eabi/8.1.0/../../../../arm-none-eabi/lib/thumb\libg.a(lib_a-rand.o)
 .data          0x0000000000000000        0x0 c:/compilers/devkitpro/devkitarm/bin/../lib/gcc/arm-none-eabi/8.1.0/../../../../arm-none-eabi/lib/thumb\libg.a(lib_a-rand.o)
 .bss           0x0000000000000000        0x0 c:/compilers/devkitpro/devkitarm/bin/../lib/gcc/arm-none-eabi/8.1.0/../../../../arm-none-eabi/lib/thumb\libg.a(lib_a-rand.o)
 .text.srand    0x0000000000000000       0x18 c:/compilers/devkitpro/devkitarm/bin/../lib/gcc/arm-none-eabi/8.1.0/../../../../arm-none-eabi/lib/thumb\libg.a(lib_a-rand.o)
 .text          0x0000000000000000        0x0 c:/compilers/devkitpro/devkitarm/bin/../lib/gcc/arm-none-eabi/8.1.0/../../../../arm-none-eabi/lib/thumb\libsysbase.a(malloc_vars.o)
 .data          0x0000000000000000        0x0 c:/compilers/devkitpro/devkitarm/bin/../lib/gcc/arm-none-eabi/8.1.0/../../../../arm-none-eabi/lib/thumb\libsysbase.a(malloc_vars.o)
 .bss           0x0000000000000000        0x0 c:/compilers/devkitpro/devkitarm/bin/../lib/gcc/arm-none-eabi/8.1.0/../../../../arm-none-eabi/lib/thumb\libsysbase.a(malloc_vars.o)
 .bss.fake_heap_start
                0x0000000000000000        0x4 c:/compilers/devkitpro/devkitarm/bin/../lib/gcc/arm-none-eabi/8.1.0/../../../../arm-none-eabi/lib/thumb\libsysbase.a(malloc_vars.o)
 .text          0x0000000000000000        0x0 c:/compilers/devkitpro/devkitarm/bin/../lib/gcc/arm-none-eabi/8.1.0/../../../../arm-none-eabi/lib/thumb\libsysbase.a(getreent.o)
 .data          0x0000000000000000        0x0 c:/compilers/devkitpro/devkitarm/bin/../lib/gcc/arm-none-eabi/8.1.0/../../../../arm-none-eabi/lib/thumb\libsysbase.a(getreent.o)
 .bss           0x0000000000000000        0x0 c:/compilers/devkitpro/devkitarm/bin/../lib/gcc/arm-none-eabi/8.1.0/../../../../arm-none-eabi/lib/thumb\libsysbase.a(getreent.o)
 .text          0x0000000000000000        0x0 c:/compilers/devkitpro/devkitarm/bin/../lib/gcc/arm-none-eabi/8.1.0/../../../../arm-none-eabi/lib/thumb\libsysbase.a(syscall_support.o)
 .data          0x0000000000000000        0x0 c:/compilers/devkitpro/devkitarm/bin/../lib/gcc/arm-none-eabi/8.1.0/../../../../arm-none-eabi/lib/thumb\libsysbase.a(syscall_support.o)
 .bss           0x0000000000000000        0x0 c:/compilers/devkitpro/devkitarm/bin/../lib/gcc/arm-none-eabi/8.1.0/../../../../arm-none-eabi/lib/thumb\libsysbase.a(syscall_support.o)
 .text.__libc_lock_init
                0x0000000000000000       0x1c c:/compilers/devkitpro/devkitarm/bin/../lib/gcc/arm-none-eabi/8.1.0/../../../../arm-none-eabi/lib/thumb\libsysbase.a(syscall_support.o)
 .text.__libc_lock_acquire
                0x0000000000000000       0x1c c:/compilers/devkitpro/devkitarm/bin/../lib/gcc/arm-none-eabi/8.1.0/../../../../arm-none-eabi/lib/thumb\libsysbase.a(syscall_support.o)
 .text.__libc_lock_try_acquire
                0x0000000000000000       0x24 c:/compilers/devkitpro/devkitarm/bin/../lib/gcc/arm-none-eabi/8.1.0/../../../../arm-none-eabi/lib/thumb\libsysbase.a(syscall_support.o)
 .text.__libc_lock_release
                0x0000000000000000       0x1c c:/compilers/devkitpro/devkitarm/bin/../lib/gcc/arm-none-eabi/8.1.0/../../../../arm-none-eabi/lib/thumb\libsysbase.a(syscall_support.o)
 .text.__libc_lock_close
                0x0000000000000000       0x1c c:/compilers/devkitpro/devkitarm/bin/../lib/gcc/arm-none-eabi/8.1.0/../../../../arm-none-eabi/lib/thumb\libsysbase.a(syscall_support.o)
 .text.__libc_lock_init_recursive
                0x0000000000000000       0x1c c:/compilers/devkitpro/devkitarm/bin/../lib/gcc/arm-none-eabi/8.1.0/../../../../arm-none-eabi/lib/thumb\libsysbase.a(syscall_support.o)
 .text.__libc_lock_acquire_recursive
                0x0000000000000000       0x1c c:/compilers/devkitpro/devkitarm/bin/../lib/gcc/arm-none-eabi/8.1.0/../../../../arm-none-eabi/lib/thumb\libsysbase.a(syscall_support.o)
 .text.__libc_lock_try_acquire_recursive
                0x0000000000000000       0x24 c:/compilers/devkitpro/devkitarm/bin/../lib/gcc/arm-none-eabi/8.1.0/../../../../arm-none-eabi/lib/thumb\libsysbase.a(syscall_support.o)
 .text.__libc_lock_release_recursive
                0x0000000000000000       0x1c c:/compilers/devkitpro/devkitarm/bin/../lib/gcc/arm-none-eabi/8.1.0/../../../../arm-none-eabi/lib/thumb\libsysbase.a(syscall_support.o)
 .text.__libc_lock_close_recursive
                0x0000000000000000       0x1c c:/compilers/devkitpro/devkitarm/bin/../lib/gcc/arm-none-eabi/8.1.0/../../../../arm-none-eabi/lib/thumb\libsysbase.a(syscall_support.o)
 .text          0x0000000000000000        0x0 c:/compilers/devkitpro/devkitarm/bin/../lib/gcc/arm-none-eabi/8.1.0/thumb\libgcc.a(_muldi3.o)
 .data          0x0000000000000000        0x0 c:/compilers/devkitpro/devkitarm/bin/../lib/gcc/arm-none-eabi/8.1.0/thumb\libgcc.a(_muldi3.o)
 .bss           0x0000000000000000        0x0 c:/compilers/devkitpro/devkitarm/bin/../lib/gcc/arm-none-eabi/8.1.0/thumb\libgcc.a(_muldi3.o)
 .text          0x0000000000000000        0x0 c:/compilers/devkitpro/devkitarm/bin/../lib/gcc/arm-none-eabi/8.1.0/../../../../arm-none-eabi/lib/thumb\libg.a(lib_a-impure.o)
 .data          0x0000000000000000        0x0 c:/compilers/devkitpro/devkitarm/bin/../lib/gcc/arm-none-eabi/8.1.0/../../../../arm-none-eabi/lib/thumb\libg.a(lib_a-impure.o)
 .bss           0x0000000000000000        0x0 c:/compilers/devkitpro/devkitarm/bin/../lib/gcc/arm-none-eabi/8.1.0/../../../../arm-none-eabi/lib/thumb\libg.a(lib_a-impure.o)
 .rodata._global_impure_ptr
                0x0000000000000000        0x4 c:/compilers/devkitpro/devkitarm/bin/../lib/gcc/arm-none-eabi/8.1.0/../../../../arm-none-eabi/lib/thumb\libg.a(lib_a-impure.o)
 .text          0x0000000000000000        0x0 c:/compilers/devkitpro/devkitarm/bin/../lib/gcc/arm-none-eabi/8.1.0/thumb/crtend.o
 .data          0x0000000000000000        0x0 c:/compilers/devkitpro/devkitarm/bin/../lib/gcc/arm-none-eabi/8.1.0/thumb/crtend.o
 .bss           0x0000000000000000        0x0 c:/compilers/devkitpro/devkitarm/bin/../lib/gcc/arm-none-eabi/8.1.0/thumb/crtend.o
 .text          0x0000000000000000        0x0 c:/compilers/devkitpro/devkitarm/bin/../lib/gcc/arm-none-eabi/8.1.0/thumb/crtn.o
 .data          0x0000000000000000        0x0 c:/compilers/devkitpro/devkitarm/bin/../lib/gcc/arm-none-eabi/8.1.0/thumb/crtn.o
 .bss           0x0000000000000000        0x0 c:/compilers/devkitpro/devkitarm/bin/../lib/gcc/arm-none-eabi/8.1.0/thumb/crtn.o

Memory Configuration

Name             Origin             Length             Attributes
rom              0x0000000008000000 0x0000000002000000
iwram            0x0000000003000000 0x0000000000008000
ewram            0x0000000002000000 0x0000000000040000
*default*        0x0000000000000000 0xffffffffffffffff

Linker script and memory map

                0x0000000008000000                __text_start = ORIGIN (rom)
                0x0000000002040000                __eheap_end = (ORIGIN (ewram) + LENGTH (ewram))
                0x0000000003000000                __iwram_start = ORIGIN (iwram)
                0x0000000003008000                __iwram_top = (ORIGIN (iwram) + LENGTH (iwram))
                0x0000000003007fa0                __sp_irq = (__iwram_top - 0x60)
                0x0000000003007f00                __sp_usr = (__sp_irq - 0xa0)
                0x0000000003007ff8                __irq_flags = 0x3007ff8
                0x0000000008000000                . = __text_start

.crt0           0x0000000008000000      0x210
 *(.crt0)
 .crt0          0x0000000008000000      0x210 c:/compilers/devkitpro/devkitarm/bin/../lib/gcc/arm-none-eabi/8.1.0/../../../../arm-none-eabi/lib/thumb/gba_crt0.o
                0x0000000008000000                _start
                0x00000000080000c4                __boot_method
                0x00000000080000c5                __slave_number
                0x00000000080000e0                start_vector
                0x0000000008000210                . = ALIGN (0x4)

.init           0x0000000008000210        0xc
 *(SORT_NONE(.init))
 .init          0x0000000008000210        0x4 c:/compilers/devkitpro/devkitarm/bin/../lib/gcc/arm-none-eabi/8.1.0/thumb/crti.o
                0x0000000008000210                _init
 .init          0x0000000008000214        0x8 c:/compilers/devkitpro/devkitarm/bin/../lib/gcc/arm-none-eabi/8.1.0/thumb/crtn.o

.plt            0x000000000800021c        0x0
 *(.plt)
                0x000000000800021c                . = ALIGN (0x4)

.text           0x0000000008000220      0x3b8
 *(EXCLUDE_FILE(*.iwram*) .text)
 .text          0x0000000008000220      0x150 c:/compilers/devkitpro/devkitarm/bin/../lib/gcc/arm-none-eabi/8.1.0/thumb\libgcc.a(_divsi3.o)
                0x0000000008000220                __divsi3
                0x0000000008000220                __aeabi_idiv
                0x0000000008000350                __aeabi_idivmod
 .text          0x0000000008000370        0x4 c:/compilers/devkitpro/devkitarm/bin/../lib/gcc/arm-none-eabi/8.1.0/thumb\libgcc.a(_dvmd_tls.o)
                0x0000000008000370                __aeabi_idiv0
                0x0000000008000370                __aeabi_ldiv0
 *(.text .stub .text.* .gnu.linkonce.t.*)
 .text.deregister_tm_clones
                0x0000000008000374       0x2c c:/compilers/devkitpro/devkitarm/bin/../lib/gcc/arm-none-eabi/8.1.0/thumb/crtbegin.o
 .text.register_tm_clones
                0x00000000080003a0       0x34 c:/compilers/devkitpro/devkitarm/bin/../lib/gcc/arm-none-eabi/8.1.0/thumb/crtbegin.o
 .text.__do_global_dtors_aux
                0x00000000080003d4       0x30 c:/compilers/devkitpro/devkitarm/bin/../lib/gcc/arm-none-eabi/8.1.0/thumb/crtbegin.o
 .text.frame_dummy
                0x0000000008000404       0x28 c:/compilers/devkitpro/devkitarm/bin/../lib/gcc/arm-none-eabi/8.1.0/thumb/crtbegin.o
 .text.startup  0x000000000800042c       0x88 main.o
                0x000000000800042c                main
 .text.__libc_init_array
                0x00000000080004b4       0x50 c:/compilers/devkitpro/devkitarm/bin/../lib/gcc/arm-none-eabi/8.1.0/../../../../arm-none-eabi/lib/thumb\libg.a(lib_a-init.o)
                0x00000000080004b4                __libc_init_array
 .text.rand     0x0000000008000504       0x34 c:/compilers/devkitpro/devkitarm/bin/../lib/gcc/arm-none-eabi/8.1.0/../../../../arm-none-eabi/lib/thumb\libg.a(lib_a-rand.o)
                0x0000000008000504                rand
 .text.__getreent
                0x0000000008000538       0x28 c:/compilers/devkitpro/devkitarm/bin/../lib/gcc/arm-none-eabi/8.1.0/../../../../arm-none-eabi/lib/thumb\libsysbase.a(getreent.o)
                0x0000000008000538                __getreent
 .text.__muldi3
                0x0000000008000560       0x60 c:/compilers/devkitpro/devkitarm/bin/../lib/gcc/arm-none-eabi/8.1.0/thumb\libgcc.a(_muldi3.o)
                0x0000000008000560                __muldi3
                0x0000000008000560                __aeabi_lmul
 .text.__muldi3.__stub
                0x00000000080005c0       0x14 linker stubs
 *(.text.*personality*)
 *(.gnu.warning)
 *(.glue_7t)
 .glue_7t       0x00000000080005d8        0x0 linker stubs
 *(.glue_7)
 .glue_7        0x00000000080005d8        0x0 linker stubs
 *(.vfp11_veneer)
 .vfp11_veneer  0x00000000080005d8        0x0 linker stubs
                0x00000000080005d8                . = ALIGN (0x4)
                0x00000000080005d8                __text_end = .

.v4_bx          0x00000000080005d8        0x0
 .v4_bx         0x00000000080005d8        0x0 linker stubs

.iplt           0x00000000080005d8        0x0
 .iplt          0x00000000080005d8        0x0 c:/compilers/devkitpro/devkitarm/bin/../lib/gcc/arm-none-eabi/8.1.0/../../../../arm-none-eabi/lib/thumb/gba_crt0.o

.fini           0x00000000080005d8        0xc
 *(.fini)
 .fini          0x00000000080005d8        0x4 c:/compilers/devkitpro/devkitarm/bin/../lib/gcc/arm-none-eabi/8.1.0/thumb/crti.o
                0x00000000080005d8                _fini
 .fini          0x00000000080005dc        0x8 c:/compilers/devkitpro/devkitarm/bin/../lib/gcc/arm-none-eabi/8.1.0/thumb/crtn.o
                0x00000000080005e4                . = ALIGN (0x4)

.rodata         0x00000000080005e4        0x0
 *(.rodata)
 *all.rodata*(*)
 *(.roda)
 *(.rodata.*)
 *(.gnu.linkonce.r*)
                0x00000000080005e4                . = ALIGN (0x4)

.ARM.extab
 *(.ARM.extab* .gnu.linkonce.armextab.*)
                0x00000000080005e4                __exidx_start = .

.ARM.exidx
 *(.ARM.exidx* .gnu.linkonce.armexidx.*)
                0x00000000080005e4                __exidx_end = .

.ctors          0x00000000080005e4        0x0
 *crtbegin.o(.ctors)
 *(EXCLUDE_FILE(*crtend.o) .ctors)
 *(SORT_BY_NAME(.ctors.*))
 *(.ctors)
                0x00000000080005e4                . = ALIGN (0x4)

.dtors          0x00000000080005e4        0x0
 *crtbegin.o(.dtors)
 *(EXCLUDE_FILE(*crtend.o) .dtors)
 *(SORT_BY_NAME(.dtors.*))
 *(.dtors)
                0x00000000080005e4                . = ALIGN (0x4)

.eh_frame       0x00000000080005e4        0x4
 *(.eh_frame)
 .eh_frame      0x00000000080005e4        0x0 c:/compilers/devkitpro/devkitarm/bin/../lib/gcc/arm-none-eabi/8.1.0/thumb/crtbegin.o
 .eh_frame      0x00000000080005e4        0x4 c:/compilers/devkitpro/devkitarm/bin/../lib/gcc/arm-none-eabi/8.1.0/thumb/crtend.o
                0x00000000080005e8                . = ALIGN (0x4)

.rel.dyn        0x00000000080005e8        0x0
 .rel.iplt      0x00000000080005e8        0x0 c:/compilers/devkitpro/devkitarm/bin/../lib/gcc/arm-none-eabi/8.1.0/../../../../arm-none-eabi/lib/thumb/gba_crt0.o

.gcc_except_table
                0x00000000080005e8        0x0
 *(.gcc_except_table)
                0x00000000080005e8                . = ALIGN (0x4)
                0x00000000080005e8                __iwram_lma = .

.iwram          0x0000000003000000        0x0 load address 0x00000000080005e8
                0x0000000003000000                __iwram_start__ = ABSOLUTE (.)
 *(.iwram)
 *iwram.*(.text)
                0x0000000003000000                . = ALIGN (0x4)
                0x0000000003000000                __iwram_end__ = ABSOLUTE (.)
                0x00000000080005e8                __data_lma = (__iwram_lma + SIZEOF (.iwram))

.bss            0x0000000003000000       0x58
                0x0000000003000000                __bss_start = ABSOLUTE (.)
                0x0000000003000000                __bss_start__ = ABSOLUTE (.)
 *(.dynbss)
 *(.gnu.linkonce.b*)
 *(.bss*)
 .bss.completed.8914
                0x0000000003000000        0x1 c:/compilers/devkitpro/devkitarm/bin/../lib/gcc/arm-none-eabi/8.1.0/thumb/crtbegin.o
 *fill*         0x0000000003000001        0x3 
 .bss.object.8919
                0x0000000003000004       0x18 c:/compilers/devkitpro/devkitarm/bin/../lib/gcc/arm-none-eabi/8.1.0/thumb/crtbegin.o
 .bss.fake_heap_end
                0x000000000300001c        0x4 c:/compilers/devkitpro/devkitarm/bin/../lib/gcc/arm-none-eabi/8.1.0/../../../../arm-none-eabi/lib/thumb\libsysbase.a(malloc_vars.o)
                0x000000000300001c                fake_heap_end
 .bss.__syscalls
                0x0000000003000020       0x38 c:/compilers/devkitpro/devkitarm/bin/../lib/gcc/arm-none-eabi/8.1.0/../../../../arm-none-eabi/lib/thumb\libsysbase.a(syscall_support.o)
                0x0000000003000020                __syscalls
 *(COMMON)
                0x0000000003000058                . = ALIGN (0x4)
                0x0000000003000058                __bss_end__ = ABSOLUTE (.)

.data           0x0000000003000058      0x468 load address 0x00000000080005e8
                0x0000000003000058                __data_start__ = ABSOLUTE (.)
 *(.data)
 *(.data.*)
 .data._impure_ptr
                0x0000000003000058        0x4 c:/compilers/devkitpro/devkitarm/bin/../lib/gcc/arm-none-eabi/8.1.0/../../../../arm-none-eabi/lib/thumb\libg.a(lib_a-impure.o)
                0x0000000003000058                _impure_ptr
 *fill*         0x000000000300005c        0x4 ff
 .data.impure_data
                0x0000000003000060      0x460 c:/compilers/devkitpro/devkitarm/bin/../lib/gcc/arm-none-eabi/8.1.0/../../../../arm-none-eabi/lib/thumb\libg.a(lib_a-impure.o)
 *(.gnu.linkonce.d*)
                0x00000000030004c0                . = ALIGN (0x4)
                0x0000000008000a50                __preinit_lma = (__data_lma + SIZEOF (.data))

.igot.plt       0x00000000030004c0        0x0 load address 0x0000000008000a50
 .igot.plt      0x00000000030004c0        0x0 c:/compilers/devkitpro/devkitarm/bin/../lib/gcc/arm-none-eabi/8.1.0/../../../../arm-none-eabi/lib/thumb/gba_crt0.o

.tm_clone_table
                0x00000000030004c0        0x0 load address 0x0000000008000a50
 .tm_clone_table
                0x00000000030004c0        0x0 c:/compilers/devkitpro/devkitarm/bin/../lib/gcc/arm-none-eabi/8.1.0/thumb/crtbegin.o
 .tm_clone_table
                0x00000000030004c0        0x0 c:/compilers/devkitpro/devkitarm/bin/../lib/gcc/arm-none-eabi/8.1.0/thumb/crtend.o

.preinit_array  0x00000000030004c0        0x0 load address 0x0000000008000a50
                0x00000000030004c0                __preinit_array_start = ABSOLUTE (.)
 *(.preinit_array)
                0x00000000030004c0                __preinit_array_end = ABSOLUTE (.)
                0x0000000008000a50                __init_lma = (__preinit_lma + SIZEOF (.preinit_array))

.init_array     0x00000000030004c0        0x4 load address 0x0000000008000a50
                0x00000000030004c0                __init_array_start = ABSOLUTE (.)
 *(SORT_BY_NAME(.init_array.*))
 *(.init_array)
 .init_array    0x00000000030004c0        0x4 c:/compilers/devkitpro/devkitarm/bin/../lib/gcc/arm-none-eabi/8.1.0/thumb/crtbegin.o
                0x00000000030004c4                __init_array_end = ABSOLUTE (.)
                0x0000000008000a54                __fini_lma = (__init_lma + SIZEOF (.init_array))

.fini_array     0x00000000030004c4        0x4 load address 0x0000000008000a54
                0x00000000030004c4                __fini_array_start = ABSOLUTE (.)
 *(SORT_BY_NAME(.fini_array.*))
 *(.fini_array)
 .fini_array    0x00000000030004c4        0x4 c:/compilers/devkitpro/devkitarm/bin/../lib/gcc/arm-none-eabi/8.1.0/thumb/crtbegin.o
                0x00000000030004c8                __fini_array_end = ABSOLUTE (.)
                0x0000000008000a58                __jcr_lma = (__fini_lma + SIZEOF (.fini_array))

.jcr            0x00000000030004c8        0x0 load address 0x0000000008000a58
 *(.jcr)
                0x00000000030004c8                __data_end__ = ABSOLUTE (.)
                0x0000000008000a58                __iwram_overlay_lma = (__jcr_lma + SIZEOF (.jcr))
                0x00000000030004c8                __iwram_overlay_start = .

.iwram0         0x00000000030004c8        0x0 load address 0x0000000008000a58
 *(.iwram0)
                0x00000000030004c8                . = ALIGN (0x4)
                0x0000000008000a58                PROVIDE (__load_start_iwram0 = LOADADDR (.iwram0))
                0x0000000008000a58                PROVIDE (__load_stop_iwram0 = (LOADADDR (.iwram0) + SIZEOF (.iwram0)))

.iwram1         0x00000000030004c8        0x0
 *(.iwram1)
                0x00000000030004c8                . = ALIGN (0x4)
                [!provide]                        PROVIDE (__load_start_iwram1 = LOADADDR (.iwram1))
                [!provide]                        PROVIDE (__load_stop_iwram1 = (LOADADDR (.iwram1) + SIZEOF (.iwram1)))

.iwram2         0x00000000030004c8        0x0
 *(.iwram2)
                0x00000000030004c8                . = ALIGN (0x4)
                [!provide]                        PROVIDE (__load_start_iwram2 = LOADADDR (.iwram2))
                [!provide]                        PROVIDE (__load_stop_iwram2 = (LOADADDR (.iwram2) + SIZEOF (.iwram2)))

.iwram3         0x00000000030004c8        0x0
 *(.iwram3)
                0x00000000030004c8                . = ALIGN (0x4)
                [!provide]                        PROVIDE (__load_start_iwram3 = LOADADDR (.iwram3))
                [!provide]                        PROVIDE (__load_stop_iwram3 = (LOADADDR (.iwram3) + SIZEOF (.iwram3)))

.iwram4         0x00000000030004c8        0x0
 *(.iwram4)
                0x00000000030004c8                . = ALIGN (0x4)
                [!provide]                        PROVIDE (__load_start_iwram4 = LOADADDR (.iwram4))
                [!provide]                        PROVIDE (__load_stop_iwram4 = (LOADADDR (.iwram4) + SIZEOF (.iwram4)))

.iwram5         0x00000000030004c8        0x0
 *(.iwram5)
                0x00000000030004c8                . = ALIGN (0x4)
                [!provide]                        PROVIDE (__load_start_iwram5 = LOADADDR (.iwram5))
                [!provide]                        PROVIDE (__load_stop_iwram5 = (LOADADDR (.iwram5) + SIZEOF (.iwram5)))

.iwram6         0x00000000030004c8        0x0
 *(.iwram6)
                0x00000000030004c8                . = ALIGN (0x4)
                [!provide]                        PROVIDE (__load_start_iwram6 = LOADADDR (.iwram6))
                [!provide]                        PROVIDE (__load_stop_iwram6 = (LOADADDR (.iwram6) + SIZEOF (.iwram6)))

.iwram7         0x00000000030004c8        0x0
 *(.iwram7)
                0x00000000030004c8                . = ALIGN (0x4)
                [!provide]                        PROVIDE (__load_start_iwram7 = LOADADDR (.iwram7))
                [!provide]                        PROVIDE (__load_stop_iwram7 = (LOADADDR (.iwram7) + SIZEOF (.iwram7)))

.iwram8         0x00000000030004c8        0x0
 *(.iwram8)
                0x00000000030004c8                . = ALIGN (0x4)
                [!provide]                        PROVIDE (__load_start_iwram8 = LOADADDR (.iwram8))
                [!provide]                        PROVIDE (__load_stop_iwram8 = (LOADADDR (.iwram8) + SIZEOF (.iwram8)))

.iwram9         0x00000000030004c8        0x0
 *(.iwram9)
                0x00000000030004c8                . = ALIGN (0x4)
                [!provide]                        PROVIDE (__load_start_iwram9 = LOADADDR (.iwram9))
                [!provide]                        PROVIDE (__load_stop_iwram9 = (LOADADDR (.iwram9) + SIZEOF (.iwram9)))
                0x00000000030004c8                __iwram_overlay_end = .
                0x0000000008000a58                __ewram_lma = (__iwram_overlay_lma + (__iwram_overlay_end - __iwram_overlay_start))
                0x00000000030004c8                __iheap_start = .
                0x0000000002000000                __ewram_start = ORIGIN (ewram)

.ewram          0x0000000002000000        0x0 load address 0x0000000008000a58
 *(.ewram)
                0x0000000002000000                . = ALIGN (0x4)
                0x0000000002000000                __ewram_end = ABSOLUTE (.)
                0x0000000008000a58                __pad_lma = (__ewram_lma + SIZEOF (.ewram))

.sbss           0x0000000002000000        0x0
                0x0000000002000000                __sbss_start__ = ABSOLUTE (.)
 *(.sbss)
                0x0000000002000000                . = ALIGN (0x4)
                0x0000000002000000                __sbss_end__ = ABSOLUTE (.)
                0x0000000002000000                __end__ = ABSOLUTE (.)
                0x0000000002000000                __eheap_start = ABSOLUTE (.)

.pad            0x0000000002000000        0x8 load address 0x0000000008000a58
                0x0000000002000000        0x4 LONG 0x52416b64
                0x0000000002000004        0x4 LONG 0x4d
                0x0000000002000008                . = ALIGN (0x4)
                0x0000000008000a60                __rom_end__ = (__pad_lma + SIZEOF (.pad))

.stab
 *(.stab)

.stabstr
 *(.stabstr)

.stab.excl
 *(.stab.excl)

.stab.exclstr
 *(.stab.exclstr)

.stab.index
 *(.stab.index)

.stab.indexstr
 *(.stab.indexstr)

.comment        0x0000000000000000       0x22
 *(.comment)
 .comment       0x0000000000000000       0x22 c:/compilers/devkitpro/devkitarm/bin/../lib/gcc/arm-none-eabi/8.1.0/thumb/crtbegin.o
                                         0x23 (size before relaxing)
 .comment       0x0000000000000022       0x23 main.o
 .comment       0x0000000000000022       0x23 c:/compilers/devkitpro/devkitarm/bin/../lib/gcc/arm-none-eabi/8.1.0/../../../../arm-none-eabi/lib/thumb\libg.a(lib_a-init.o)
 .comment       0x0000000000000022       0x23 c:/compilers/devkitpro/devkitarm/bin/../lib/gcc/arm-none-eabi/8.1.0/../../../../arm-none-eabi/lib/thumb\libg.a(lib_a-rand.o)
 .comment       0x0000000000000022       0x23 c:/compilers/devkitpro/devkitarm/bin/../lib/gcc/arm-none-eabi/8.1.0/../../../../arm-none-eabi/lib/thumb\libsysbase.a(malloc_vars.o)
 .comment       0x0000000000000022       0x23 c:/compilers/devkitpro/devkitarm/bin/../lib/gcc/arm-none-eabi/8.1.0/../../../../arm-none-eabi/lib/thumb\libsysbase.a(getreent.o)
 .comment       0x0000000000000022       0x23 c:/compilers/devkitpro/devkitarm/bin/../lib/gcc/arm-none-eabi/8.1.0/../../../../arm-none-eabi/lib/thumb\libsysbase.a(syscall_support.o)
 .comment       0x0000000000000022       0x23 c:/compilers/devkitpro/devkitarm/bin/../lib/gcc/arm-none-eabi/8.1.0/thumb\libgcc.a(_muldi3.o)
 .comment       0x0000000000000022       0x23 c:/compilers/devkitpro/devkitarm/bin/../lib/gcc/arm-none-eabi/8.1.0/../../../../arm-none-eabi/lib/thumb\libg.a(lib_a-impure.o)
 .comment       0x0000000000000022       0x23 c:/compilers/devkitpro/devkitarm/bin/../lib/gcc/arm-none-eabi/8.1.0/thumb/crtend.o

.debug
 *(.debug)

.line
 *(.line)

.debug_srcinfo
 *(.debug_srcinfo)

.debug_sfnames
 *(.debug_sfnames)

.debug_aranges  0x0000000000000000       0x20
 *(.debug_aranges)
 .debug_aranges
                0x0000000000000000       0x20 main.o

.debug_pubnames
 *(.debug_pubnames)

.debug_info     0x0000000000000000      0xa2e
 *(.debug_info)
 .debug_info    0x0000000000000000      0xa2e main.o

.debug_abbrev   0x0000000000000000      0x219
 *(.debug_abbrev)
 .debug_abbrev  0x0000000000000000      0x219 main.o

.debug_line     0x0000000000000000      0x284
 *(.debug_line)
 .debug_line    0x0000000000000000      0x284 main.o

.debug_frame    0x0000000000000000       0x38
 *(.debug_frame)
 .debug_frame   0x0000000000000000       0x38 main.o

.debug_str      0x0000000000000000      0x576
 *(.debug_str)
 .debug_str     0x0000000000000000      0x576 main.o
                                        0x5e3 (size before relaxing)

.debug_loc      0x0000000000000000       0xc6
 *(.debug_loc)
 .debug_loc     0x0000000000000000       0xc6 main.o

.debug_macinfo
 *(.debug_macinfo)

.debug_weaknames
 *(.debug_weaknames)

.debug_funcnames
 *(.debug_funcnames)

.debug_typenames
 *(.debug_typenames)

.debug_varnames
 *(.debug_varnames)

.stack          0x0000000000080000        0x0
                0x0000000000080000                _stack = .
 *(.stack)

.note.gnu.arm.ident
 *(.note.gnu.arm.ident)

.ARM.attributes
                0x0000000000000000       0x2c
 *(.ARM.attributes)
 .ARM.attributes
                0x0000000000000000       0x20 c:/compilers/devkitpro/devkitarm/bin/../lib/gcc/arm-none-eabi/8.1.0/../../../../arm-none-eabi/lib/thumb/gba_crt0.o
 .ARM.attributes
                0x0000000000000020       0x1c c:/compilers/devkitpro/devkitarm/bin/../lib/gcc/arm-none-eabi/8.1.0/thumb/crti.o
 .ARM.attributes
                0x000000000000003c       0x2a c:/compilers/devkitpro/devkitarm/bin/../lib/gcc/arm-none-eabi/8.1.0/thumb/crtbegin.o
 .ARM.attributes
                0x0000000000000066       0x26 main.o
 .ARM.attributes
                0x000000000000008c       0x1c c:/compilers/devkitpro/devkitarm/bin/../lib/gcc/arm-none-eabi/8.1.0/thumb\libgcc.a(_divsi3.o)
 .ARM.attributes
                0x00000000000000a8       0x1c c:/compilers/devkitpro/devkitarm/bin/../lib/gcc/arm-none-eabi/8.1.0/thumb\libgcc.a(_dvmd_tls.o)
 .ARM.attributes
                0x00000000000000c4       0x2a c:/compilers/devkitpro/devkitarm/bin/../lib/gcc/arm-none-eabi/8.1.0/../../../../arm-none-eabi/lib/thumb\libg.a(lib_a-init.o)
 .ARM.attributes
                0x00000000000000ee       0x2a c:/compilers/devkitpro/devkitarm/bin/../lib/gcc/arm-none-eabi/8.1.0/../../../../arm-none-eabi/lib/thumb\libg.a(lib_a-rand.o)
 .ARM.attributes
                0x0000000000000118       0x30 c:/compilers/devkitpro/devkitarm/bin/../lib/gcc/arm-none-eabi/8.1.0/../../../../arm-none-eabi/lib/thumb\libsysbase.a(malloc_vars.o)
 .ARM.attributes
                0x0000000000000148       0x2a c:/compilers/devkitpro/devkitarm/bin/../lib/gcc/arm-none-eabi/8.1.0/../../../../arm-none-eabi/lib/thumb\libsysbase.a(getreent.o)
 .ARM.attributes
                0x0000000000000172       0x2a c:/compilers/devkitpro/devkitarm/bin/../lib/gcc/arm-none-eabi/8.1.0/../../../../arm-none-eabi/lib/thumb\libsysbase.a(syscall_support.o)
 .ARM.attributes
                0x000000000000019c       0x2a c:/compilers/devkitpro/devkitarm/bin/../lib/gcc/arm-none-eabi/8.1.0/thumb\libgcc.a(_muldi3.o)
 .ARM.attributes
                0x00000000000001c6       0x30 c:/compilers/devkitpro/devkitarm/bin/../lib/gcc/arm-none-eabi/8.1.0/../../../../arm-none-eabi/lib/thumb\libg.a(lib_a-impure.o)
 .ARM.attributes
                0x00000000000001f6       0x30 c:/compilers/devkitpro/devkitarm/bin/../lib/gcc/arm-none-eabi/8.1.0/thumb/crtend.o
 .ARM.attributes
                0x0000000000000226       0x1c c:/compilers/devkitpro/devkitarm/bin/../lib/gcc/arm-none-eabi/8.1.0/thumb/crtn.o

/DISCARD/
 *(.note.GNU-stack)
LOAD c:/compilers/devkitpro/devkitarm/bin/../lib/gcc/arm-none-eabi/8.1.0/../../../../arm-none-eabi/lib/thumb/gba_crt0.o
LOAD c:/compilers/devkitpro/devkitarm/bin/../lib/gcc/arm-none-eabi/8.1.0/thumb/crti.o
LOAD c:/compilers/devkitpro/devkitarm/bin/../lib/gcc/arm-none-eabi/8.1.0/thumb/crtbegin.o
LOAD main.o
LOAD C:/Compilers/devkitPro/libgba/lib\libmm.a
LOAD C:/Compilers/devkitPro/libgba/lib\libgba.a
START GROUP
LOAD c:/compilers/devkitpro/devkitarm/bin/../lib/gcc/arm-none-eabi/8.1.0/thumb\libgcc.a
LOAD c:/compilers/devkitpro/devkitarm/bin/../lib/gcc/arm-none-eabi/8.1.0/../../../../arm-none-eabi/lib/thumb\libg.a
LOAD c:/compilers/devkitpro/devkitarm/bin/../lib/gcc/arm-none-eabi/8.1.0/../../../../arm-none-eabi/lib/thumb\libc.a
LOAD c:/compilers/devkitpro/devkitarm/bin/../lib/gcc/arm-none-eabi/8.1.0/../../../../arm-none-eabi/lib/thumb\libsysbase.a
END GROUP
LOAD c:/compilers/devkitpro/devkitarm/bin/../lib/gcc/arm-none-eabi/8.1.0/thumb/crtend.o
LOAD c:/compilers/devkitpro/devkitarm/bin/../lib/gcc/arm-none-eabi/8.1.0/thumb/crtn.o
OUTPUT(C:/Users/bj/programming/gba/GBAProgs/HelloMode5/HelloMode5.elf elf32-littlearm)

.debug_ranges   0x0000000000000000       0x10
 .debug_ranges  0x0000000000000000       0x10 main.o
